[0.021s] Invoking command in '/home/heated_2204/nonlin_ctrl_lab/setpoint_controllers/build/mrotor_controller': CMAKE_PREFIX_PATH=${CMAKE_PREFIX_PATH}:/opt/ros/humble /usr/bin/cmake --build /home/heated_2204/nonlin_ctrl_lab/setpoint_controllers/build/mrotor_controller -- -j16 -l16
[0.060s] -- Found ament_cmake: 1.3.12 (/opt/ros/humble/share/ament_cmake/cmake)
[0.204s] -- Override CMake install command with custom implementation using symlinks instead of copying resources
[0.213s] -- Found rclcpp: 16.0.17 (/opt/ros/humble/share/rclcpp/cmake)
[0.470s] -- Found rosidl_generator_c: 3.1.8 (/opt/ros/humble/share/rosidl_generator_c/cmake)
[0.473s] -- Found rosidl_adapter: 3.1.8 (/opt/ros/humble/share/rosidl_adapter/cmake)
[0.479s] -- Found rosidl_generator_cpp: 3.1.8 (/opt/ros/humble/share/rosidl_generator_cpp/cmake)
[0.488s] -- Using all available rosidl_typesupport_c: rosidl_typesupport_fastrtps_c;rosidl_typesupport_introspection_c
[0.501s] -- Using all available rosidl_typesupport_cpp: rosidl_typesupport_fastrtps_cpp;rosidl_typesupport_introspection_cpp
[0.533s] -- Found rmw_implementation_cmake: 6.1.2 (/opt/ros/humble/share/rmw_implementation_cmake/cmake)
[0.535s] -- Found rmw_fastrtps_cpp: 6.2.9 (/opt/ros/humble/share/rmw_fastrtps_cpp/cmake)
[9.184s] -- Using RMW implementation 'rmw_fastrtps_cpp' as default
[9.229s] -- Found px4_msgs: 2.0.1 (/home/heated_2204/px4_globals/install/px4_msgs/share/px4_msgs/cmake)
[9.239s] -- Found geometry_msgs: 4.9.0 (/opt/ros/humble/share/geometry_msgs/cmake)
[9.251s] -- Found ament_lint_auto: 0.12.14 (/opt/ros/humble/share/ament_lint_auto/cmake)
[9.338s] -- Added test 'cppcheck' to perform static code analysis on C / C++ code
[9.339s] -- Configured cppcheck include dirs: 
[9.339s] -- Configured cppcheck exclude dirs and/or files: 
[9.339s] -- Added test 'lint_cmake' to check CMake code style
[9.340s] -- Added test 'uncrustify' to check C / C++ code style
[9.340s] -- Configured uncrustify additional arguments: 
[9.341s] -- Added test 'xmllint' to check XML markup files
[9.342s] -- Configuring done
[9.360s] -- Generating done
[9.365s] -- Build files have been written to: /home/heated_2204/nonlin_ctrl_lab/setpoint_controllers/build/mrotor_controller
[9.401s] [35m[1mConsolidate compiler generated dependencies of target att_sp_ctrl[0m
[9.418s] [ 50%] [32mBuilding CXX object CMakeFiles/att_sp_ctrl.dir/src/attitude_setpoint_control.cpp.o[0m
[9.763s] [100%] [32m[1mLinking CXX executable att_sp_ctrl[0m
[10.034s] [100%] Built target att_sp_ctrl
[10.049s] Invoked command in '/home/heated_2204/nonlin_ctrl_lab/setpoint_controllers/build/mrotor_controller' returned '0': CMAKE_PREFIX_PATH=${CMAKE_PREFIX_PATH}:/opt/ros/humble /usr/bin/cmake --build /home/heated_2204/nonlin_ctrl_lab/setpoint_controllers/build/mrotor_controller -- -j16 -l16
[10.063s] Invoking command in '/home/heated_2204/nonlin_ctrl_lab/setpoint_controllers/build/mrotor_controller': CMAKE_PREFIX_PATH=${CMAKE_PREFIX_PATH}:/opt/ros/humble /usr/bin/cmake --install /home/heated_2204/nonlin_ctrl_lab/setpoint_controllers/build/mrotor_controller
[10.073s] -- Install configuration: ""
[10.073s] -- Execute custom install script
[10.074s] -- Symlinking: /home/heated_2204/nonlin_ctrl_lab/setpoint_controllers/install/mrotor_controller/lib/mrotor_controller/att_sp_ctrl
[10.088s] -- Up-to-date symlink: /home/heated_2204/nonlin_ctrl_lab/setpoint_controllers/install/mrotor_controller/share/ament_index/resource_index/package_run_dependencies/mrotor_controller
[10.088s] -- Up-to-date symlink: /home/heated_2204/nonlin_ctrl_lab/setpoint_controllers/install/mrotor_controller/share/ament_index/resource_index/parent_prefix_path/mrotor_controller
[10.088s] -- Up-to-date symlink: /home/heated_2204/nonlin_ctrl_lab/setpoint_controllers/install/mrotor_controller/share/mrotor_controller/environment/ament_prefix_path.sh
[10.088s] -- Up-to-date symlink: /home/heated_2204/nonlin_ctrl_lab/setpoint_controllers/install/mrotor_controller/share/mrotor_controller/environment/ament_prefix_path.dsv
[10.088s] -- Up-to-date symlink: /home/heated_2204/nonlin_ctrl_lab/setpoint_controllers/install/mrotor_controller/share/mrotor_controller/environment/path.sh
[10.089s] -- Up-to-date symlink: /home/heated_2204/nonlin_ctrl_lab/setpoint_controllers/install/mrotor_controller/share/mrotor_controller/environment/path.dsv
[10.089s] -- Up-to-date symlink: /home/heated_2204/nonlin_ctrl_lab/setpoint_controllers/install/mrotor_controller/share/mrotor_controller/local_setup.bash
[10.089s] -- Up-to-date symlink: /home/heated_2204/nonlin_ctrl_lab/setpoint_controllers/install/mrotor_controller/share/mrotor_controller/local_setup.sh
[10.089s] -- Up-to-date symlink: /home/heated_2204/nonlin_ctrl_lab/setpoint_controllers/install/mrotor_controller/share/mrotor_controller/local_setup.zsh
[10.089s] -- Up-to-date symlink: /home/heated_2204/nonlin_ctrl_lab/setpoint_controllers/install/mrotor_controller/share/mrotor_controller/local_setup.dsv
[10.090s] -- Symlinking: /home/heated_2204/nonlin_ctrl_lab/setpoint_controllers/install/mrotor_controller/share/mrotor_controller/package.dsv
[10.102s] -- Up-to-date symlink: /home/heated_2204/nonlin_ctrl_lab/setpoint_controllers/install/mrotor_controller/share/ament_index/resource_index/packages/mrotor_controller
[10.102s] -- Up-to-date symlink: /home/heated_2204/nonlin_ctrl_lab/setpoint_controllers/install/mrotor_controller/share/mrotor_controller/cmake/mrotor_controllerConfig.cmake
[10.102s] -- Up-to-date symlink: /home/heated_2204/nonlin_ctrl_lab/setpoint_controllers/install/mrotor_controller/share/mrotor_controller/cmake/mrotor_controllerConfig-version.cmake
[10.102s] -- Up-to-date symlink: /home/heated_2204/nonlin_ctrl_lab/setpoint_controllers/install/mrotor_controller/share/mrotor_controller/package.xml
[10.106s] Invoked command in '/home/heated_2204/nonlin_ctrl_lab/setpoint_controllers/build/mrotor_controller' returned '0': CMAKE_PREFIX_PATH=${CMAKE_PREFIX_PATH}:/opt/ros/humble /usr/bin/cmake --install /home/heated_2204/nonlin_ctrl_lab/setpoint_controllers/build/mrotor_controller
