[0.318s] DEBUG:colcon:Command line arguments: ['/usr/bin/colcon', 'build', '--symlink-install']
[0.318s] DEBUG:colcon:Parsed command line arguments: Namespace(log_base=None, log_level=None, verb_name='build', build_base='build', install_base='install', merge_install=False, symlink_install=True, test_result_base=None, continue_on_error=False, executor='parallel', parallel_workers=16, event_handlers=None, ignore_user_meta=False, metas=['./colcon.meta'], base_paths=['.'], packages_ignore=None, packages_ignore_regex=None, paths=None, packages_up_to=None, packages_up_to_regex=None, packages_above=None, packages_above_and_dependencies=None, packages_above_depth=None, packages_select_by_dep=None, packages_skip_by_dep=None, packages_skip_up_to=None, packages_select_build_failed=False, packages_skip_build_finished=False, packages_select_test_failures=False, packages_skip_test_passed=False, packages_select=None, packages_skip=None, packages_select_regex=None, packages_skip_regex=None, packages_start=None, packages_end=None, allow_overriding=[], cmake_args=None, cmake_target=None, cmake_target_skip_unavailable=False, cmake_clean_cache=False, cmake_clean_first=False, cmake_force_configure=False, ament_cmake_args=None, catkin_cmake_args=None, catkin_skip_building_tests=False, mixin_files=None, mixin=None, verb_parser=<colcon_mixin.mixin.mixin_argument.MixinArgumentDecorator object at 0x763559b4b4c0>, verb_extension=<colcon_core.verb.build.BuildVerb object at 0x763559c94430>, main=<bound method BuildVerb.main of <colcon_core.verb.build.BuildVerb object at 0x763559c94430>>, mixin_verb=('build',))
[0.550s] Level 1:colcon.colcon_core.package_discovery:discover_packages(colcon_meta) check parameters
[0.551s] Level 1:colcon.colcon_core.package_discovery:discover_packages(recursive) check parameters
[0.551s] Level 1:colcon.colcon_core.package_discovery:discover_packages(ignore) check parameters
[0.551s] Level 1:colcon.colcon_core.package_discovery:discover_packages(path) check parameters
[0.551s] Level 1:colcon.colcon_core.package_discovery:discover_packages(colcon_meta) discover
[0.551s] Level 1:colcon.colcon_core.package_discovery:discover_packages(recursive) discover
[0.551s] INFO:colcon.colcon_core.package_discovery:Crawling recursively for packages in '/home/heated_2204/nonlin_ctrl_lab/setpoint_controllers'
[0.551s] Level 1:colcon.colcon_core.package_identification:_identify(.) by extensions ['ignore', 'ignore_ament_install']
[0.551s] Level 1:colcon.colcon_core.package_identification:_identify(.) by extension 'ignore'
[0.551s] Level 1:colcon.colcon_core.package_identification:_identify(.) by extension 'ignore_ament_install'
[0.551s] Level 1:colcon.colcon_core.package_identification:_identify(.) by extensions ['colcon_pkg']
[0.551s] Level 1:colcon.colcon_core.package_identification:_identify(.) by extension 'colcon_pkg'
[0.551s] Level 1:colcon.colcon_core.package_identification:_identify(.) by extensions ['colcon_meta']
[0.551s] Level 1:colcon.colcon_core.package_identification:_identify(.) by extension 'colcon_meta'
[0.552s] Level 1:colcon.colcon_core.package_identification:_identify(.) by extensions ['ros']
[0.552s] Level 1:colcon.colcon_core.package_identification:_identify(.) by extension 'ros'
[0.564s] Level 1:colcon.colcon_core.package_identification:_identify(.) by extensions ['cmake', 'python']
[0.564s] Level 1:colcon.colcon_core.package_identification:_identify(.) by extension 'cmake'
[0.564s] Level 1:colcon.colcon_core.package_identification:_identify(.) by extension 'python'
[0.564s] Level 1:colcon.colcon_core.package_identification:_identify(.) by extensions ['python_setup_py']
[0.564s] Level 1:colcon.colcon_core.package_identification:_identify(.) by extension 'python_setup_py'
[0.564s] Level 1:colcon.colcon_core.package_identification:_identify(build) by extensions ['ignore', 'ignore_ament_install']
[0.564s] Level 1:colcon.colcon_core.package_identification:_identify(build) by extension 'ignore'
[0.564s] Level 1:colcon.colcon_core.package_identification:_identify(build) ignored
[0.565s] Level 1:colcon.colcon_core.package_identification:_identify(install) by extensions ['ignore', 'ignore_ament_install']
[0.565s] Level 1:colcon.colcon_core.package_identification:_identify(install) by extension 'ignore'
[0.565s] Level 1:colcon.colcon_core.package_identification:_identify(install) ignored
[0.565s] Level 1:colcon.colcon_core.package_identification:_identify(log) by extensions ['ignore', 'ignore_ament_install']
[0.565s] Level 1:colcon.colcon_core.package_identification:_identify(log) by extension 'ignore'
[0.565s] Level 1:colcon.colcon_core.package_identification:_identify(log) ignored
[0.565s] Level 1:colcon.colcon_core.package_identification:_identify(src) by extensions ['ignore', 'ignore_ament_install']
[0.565s] Level 1:colcon.colcon_core.package_identification:_identify(src) by extension 'ignore'
[0.565s] Level 1:colcon.colcon_core.package_identification:_identify(src) by extension 'ignore_ament_install'
[0.565s] Level 1:colcon.colcon_core.package_identification:_identify(src) by extensions ['colcon_pkg']
[0.565s] Level 1:colcon.colcon_core.package_identification:_identify(src) by extension 'colcon_pkg'
[0.566s] Level 1:colcon.colcon_core.package_identification:_identify(src) by extensions ['colcon_meta']
[0.566s] Level 1:colcon.colcon_core.package_identification:_identify(src) by extension 'colcon_meta'
[0.566s] Level 1:colcon.colcon_core.package_identification:_identify(src) by extensions ['ros']
[0.566s] Level 1:colcon.colcon_core.package_identification:_identify(src) by extension 'ros'
[0.566s] Level 1:colcon.colcon_core.package_identification:_identify(src) by extensions ['cmake', 'python']
[0.566s] Level 1:colcon.colcon_core.package_identification:_identify(src) by extension 'cmake'
[0.566s] Level 1:colcon.colcon_core.package_identification:_identify(src) by extension 'python'
[0.566s] Level 1:colcon.colcon_core.package_identification:_identify(src) by extensions ['python_setup_py']
[0.566s] Level 1:colcon.colcon_core.package_identification:_identify(src) by extension 'python_setup_py'
[0.566s] Level 1:colcon.colcon_core.package_identification:_identify(src/mrotor_controller) by extensions ['ignore', 'ignore_ament_install']
[0.566s] Level 1:colcon.colcon_core.package_identification:_identify(src/mrotor_controller) by extension 'ignore'
[0.566s] Level 1:colcon.colcon_core.package_identification:_identify(src/mrotor_controller) by extension 'ignore_ament_install'
[0.567s] Level 1:colcon.colcon_core.package_identification:_identify(src/mrotor_controller) by extensions ['colcon_pkg']
[0.567s] Level 1:colcon.colcon_core.package_identification:_identify(src/mrotor_controller) by extension 'colcon_pkg'
[0.567s] Level 1:colcon.colcon_core.package_identification:_identify(src/mrotor_controller) by extensions ['colcon_meta']
[0.567s] Level 1:colcon.colcon_core.package_identification:_identify(src/mrotor_controller) by extension 'colcon_meta'
[0.567s] Level 1:colcon.colcon_core.package_identification:_identify(src/mrotor_controller) by extensions ['ros']
[0.567s] Level 1:colcon.colcon_core.package_identification:_identify(src/mrotor_controller) by extension 'ros'
[0.570s] DEBUG:colcon.colcon_core.package_identification:Package 'src/mrotor_controller' with type 'ros.ament_cmake' and name 'mrotor_controller'
[0.571s] Level 1:colcon.colcon_core.package_discovery:discover_packages(recursive) using defaults
[0.571s] Level 1:colcon.colcon_core.package_discovery:discover_packages(ignore) discover
[0.571s] Level 1:colcon.colcon_core.package_discovery:discover_packages(ignore) using defaults
[0.571s] Level 1:colcon.colcon_core.package_discovery:discover_packages(path) discover
[0.571s] Level 1:colcon.colcon_core.package_discovery:discover_packages(path) using defaults
[0.611s] Level 1:colcon.colcon_core.package_discovery:discover_packages(prefix_path) check parameters
[0.611s] Level 1:colcon.colcon_core.package_discovery:discover_packages(prefix_path) discover
[0.613s] DEBUG:colcon.colcon_installed_package_information.package_discovery:Found 2 installed packages in /home/heated_2204/px4_globals/install
[0.614s] DEBUG:colcon.colcon_installed_package_information.package_discovery:Found 2 installed packages in /home/heated_2204/px4_examples/ws_offboard_control/install
[0.616s] DEBUG:colcon.colcon_installed_package_information.package_discovery:Found 323 installed packages in /opt/ros/humble
[0.618s] Level 1:colcon.colcon_core.package_discovery:discover_packages(prefix_path) using defaults
[0.662s] Level 5:colcon.colcon_core.verb:set package 'mrotor_controller' build argument 'cmake_args' from command line to 'None'
[0.662s] Level 5:colcon.colcon_core.verb:set package 'mrotor_controller' build argument 'cmake_target' from command line to 'None'
[0.662s] Level 5:colcon.colcon_core.verb:set package 'mrotor_controller' build argument 'cmake_target_skip_unavailable' from command line to 'False'
[0.662s] Level 5:colcon.colcon_core.verb:set package 'mrotor_controller' build argument 'cmake_clean_cache' from command line to 'False'
[0.662s] Level 5:colcon.colcon_core.verb:set package 'mrotor_controller' build argument 'cmake_clean_first' from command line to 'False'
[0.662s] Level 5:colcon.colcon_core.verb:set package 'mrotor_controller' build argument 'cmake_force_configure' from command line to 'False'
[0.662s] Level 5:colcon.colcon_core.verb:set package 'mrotor_controller' build argument 'ament_cmake_args' from command line to 'None'
[0.662s] Level 5:colcon.colcon_core.verb:set package 'mrotor_controller' build argument 'catkin_cmake_args' from command line to 'None'
[0.662s] Level 5:colcon.colcon_core.verb:set package 'mrotor_controller' build argument 'catkin_skip_building_tests' from command line to 'False'
[0.662s] DEBUG:colcon.colcon_core.verb:Building package 'mrotor_controller' with the following arguments: {'ament_cmake_args': None, 'build_base': '/home/heated_2204/nonlin_ctrl_lab/setpoint_controllers/build/mrotor_controller', 'catkin_cmake_args': None, 'catkin_skip_building_tests': False, 'cmake_args': None, 'cmake_clean_cache': False, 'cmake_clean_first': False, 'cmake_force_configure': False, 'cmake_target': None, 'cmake_target_skip_unavailable': False, 'install_base': '/home/heated_2204/nonlin_ctrl_lab/setpoint_controllers/install/mrotor_controller', 'merge_install': False, 'path': '/home/heated_2204/nonlin_ctrl_lab/setpoint_controllers/src/mrotor_controller', 'symlink_install': True, 'test_result_base': None}
[0.663s] INFO:colcon.colcon_core.executor:Executing jobs using 'parallel' executor
[0.664s] DEBUG:colcon.colcon_parallel_executor.executor.parallel:run_until_complete
[0.664s] INFO:colcon.colcon_ros.task.ament_cmake.build:Building ROS package in '/home/heated_2204/nonlin_ctrl_lab/setpoint_controllers/src/mrotor_controller' with build type 'ament_cmake'
[0.665s] INFO:colcon.colcon_cmake.task.cmake.build:Building CMake package in '/home/heated_2204/nonlin_ctrl_lab/setpoint_controllers/src/mrotor_controller'
[0.668s] INFO:colcon.colcon_core.plugin_system:Skipping extension 'colcon_core.shell.bat': Not used on non-Windows systems
[0.668s] INFO:colcon.colcon_core.shell:Skip shell extension 'powershell' for command environment: Not usable outside of PowerShell
[0.668s] DEBUG:colcon.colcon_core.shell:Skip shell extension 'dsv' for command environment
[0.686s] DEBUG:colcon.colcon_core.event_handler.log_command:Invoking command in '/home/heated_2204/nonlin_ctrl_lab/setpoint_controllers/build/mrotor_controller': CMAKE_PREFIX_PATH=${CMAKE_PREFIX_PATH}:/opt/ros/humble /usr/bin/cmake /home/heated_2204/nonlin_ctrl_lab/setpoint_controllers/src/mrotor_controller -DAMENT_CMAKE_SYMLINK_INSTALL=1 -DCMAKE_INSTALL_PREFIX=/home/heated_2204/nonlin_ctrl_lab/setpoint_controllers/install/mrotor_controller
[13.609s] DEBUG:colcon.colcon_core.event_handler.log_command:Invoked command in '/home/heated_2204/nonlin_ctrl_lab/setpoint_controllers/build/mrotor_controller' returned '1': CMAKE_PREFIX_PATH=${CMAKE_PREFIX_PATH}:/opt/ros/humble /usr/bin/cmake /home/heated_2204/nonlin_ctrl_lab/setpoint_controllers/src/mrotor_controller -DAMENT_CMAKE_SYMLINK_INSTALL=1 -DCMAKE_INSTALL_PREFIX=/home/heated_2204/nonlin_ctrl_lab/setpoint_controllers/install/mrotor_controller
[13.629s] Level 1:colcon.colcon_core.environment:create_environment_scripts_only(mrotor_controller)
[13.635s] Level 1:colcon.colcon_core.environment:checking '/home/heated_2204/nonlin_ctrl_lab/setpoint_controllers/install/mrotor_controller' for CMake module files
[13.636s] Level 1:colcon.colcon_core.environment:checking '/home/heated_2204/nonlin_ctrl_lab/setpoint_controllers/install/mrotor_controller' for CMake config files
[13.637s] Level 1:colcon.colcon_core.environment:checking '/home/heated_2204/nonlin_ctrl_lab/setpoint_controllers/install/mrotor_controller/bin'
[13.637s] Level 1:colcon.colcon_core.environment:checking '/home/heated_2204/nonlin_ctrl_lab/setpoint_controllers/install/mrotor_controller/lib/pkgconfig/mrotor_controller.pc'
[13.637s] Level 1:colcon.colcon_core.environment:checking '/home/heated_2204/nonlin_ctrl_lab/setpoint_controllers/install/mrotor_controller/lib/python3.10/site-packages'
[13.638s] Level 1:colcon.colcon_core.environment:checking '/home/heated_2204/nonlin_ctrl_lab/setpoint_controllers/install/mrotor_controller/bin'
[13.638s] INFO:colcon.colcon_core.shell:Creating package script '/home/heated_2204/nonlin_ctrl_lab/setpoint_controllers/install/mrotor_controller/share/mrotor_controller/package.ps1'
[13.642s] INFO:colcon.colcon_core.shell:Creating package descriptor '/home/heated_2204/nonlin_ctrl_lab/setpoint_controllers/install/mrotor_controller/share/mrotor_controller/package.dsv'
[13.643s] INFO:colcon.colcon_core.shell:Creating package script '/home/heated_2204/nonlin_ctrl_lab/setpoint_controllers/install/mrotor_controller/share/mrotor_controller/package.sh'
[13.644s] INFO:colcon.colcon_core.shell:Creating package script '/home/heated_2204/nonlin_ctrl_lab/setpoint_controllers/install/mrotor_controller/share/mrotor_controller/package.bash'
[13.645s] INFO:colcon.colcon_core.shell:Creating package script '/home/heated_2204/nonlin_ctrl_lab/setpoint_controllers/install/mrotor_controller/share/mrotor_controller/package.zsh'
[13.646s] Level 1:colcon.colcon_core.environment:create_file_with_runtime_dependencies(/home/heated_2204/nonlin_ctrl_lab/setpoint_controllers/install/mrotor_controller/share/colcon-core/packages/mrotor_controller)
[13.658s] DEBUG:colcon.colcon_parallel_executor.executor.parallel:closing loop
[13.659s] DEBUG:colcon.colcon_parallel_executor.executor.parallel:loop closed
[13.659s] DEBUG:colcon.colcon_parallel_executor.executor.parallel:run_until_complete finished with '1'
[13.659s] DEBUG:colcon.colcon_core.event_reactor:joining thread
[13.747s] INFO:colcon.colcon_core.plugin_system:Skipping extension 'colcon_notification.desktop_notification.notify_send': Could not find 'notify-send'
[13.748s] INFO:colcon.colcon_core.plugin_system:Skipping extension 'colcon_notification.desktop_notification.terminal_notifier': Not used on non-Darwin systems
[13.748s] INFO:colcon.colcon_core.plugin_system:Skipping extension 'colcon_notification.desktop_notification.win32': Not used on non-Windows systems
[13.748s] INFO:colcon.colcon_notification.desktop_notification:Sending desktop notification using 'notify2'
[13.754s] DEBUG:colcon.colcon_notification.desktop_notification.notify2:Failed to initialize notify2: org.freedesktop.DBus.Error.ServiceUnknown: The name org.freedesktop.Notifications was not provided by any .service files
[13.754s] DEBUG:colcon.colcon_core.event_reactor:joined thread
[13.754s] INFO:colcon.colcon_core.shell:Creating prefix script '/home/heated_2204/nonlin_ctrl_lab/setpoint_controllers/install/local_setup.ps1'
[13.755s] INFO:colcon.colcon_core.shell:Creating prefix util module '/home/heated_2204/nonlin_ctrl_lab/setpoint_controllers/install/_local_setup_util_ps1.py'
[13.757s] INFO:colcon.colcon_core.shell:Creating prefix chain script '/home/heated_2204/nonlin_ctrl_lab/setpoint_controllers/install/setup.ps1'
[13.758s] INFO:colcon.colcon_core.shell:Creating prefix script '/home/heated_2204/nonlin_ctrl_lab/setpoint_controllers/install/local_setup.sh'
[13.758s] INFO:colcon.colcon_core.shell:Creating prefix util module '/home/heated_2204/nonlin_ctrl_lab/setpoint_controllers/install/_local_setup_util_sh.py'
[13.759s] INFO:colcon.colcon_core.shell:Creating prefix chain script '/home/heated_2204/nonlin_ctrl_lab/setpoint_controllers/install/setup.sh'
[13.760s] INFO:colcon.colcon_core.shell:Creating prefix script '/home/heated_2204/nonlin_ctrl_lab/setpoint_controllers/install/local_setup.bash'
[13.760s] INFO:colcon.colcon_core.shell:Creating prefix chain script '/home/heated_2204/nonlin_ctrl_lab/setpoint_controllers/install/setup.bash'
[13.761s] INFO:colcon.colcon_core.shell:Creating prefix script '/home/heated_2204/nonlin_ctrl_lab/setpoint_controllers/install/local_setup.zsh'
[13.762s] INFO:colcon.colcon_core.shell:Creating prefix chain script '/home/heated_2204/nonlin_ctrl_lab/setpoint_controllers/install/setup.zsh'
