[0.014s] Invoking command in '/home/heated_2204/nonlin_ctrl_lab/setpoint_controllers/build/mrotor_controller': CMAKE_PREFIX_PATH=${CMAKE_PREFIX_PATH}:/opt/ros/humble /usr/bin/cmake --build /home/heated_2204/nonlin_ctrl_lab/setpoint_controllers/build/mrotor_controller -- -j16 -l16
[0.040s] -- Found ament_cmake: 1.3.12 (/opt/ros/humble/share/ament_cmake/cmake)
[0.169s] -- Override CMake install command with custom implementation using symlinks instead of copying resources
[0.177s] -- Found rclcpp: 16.0.17 (/opt/ros/humble/share/rclcpp/cmake)
[0.388s] -- Found rosidl_generator_c: 3.1.8 (/opt/ros/humble/share/rosidl_generator_c/cmake)
[0.390s] -- Found rosidl_adapter: 3.1.8 (/opt/ros/humble/share/rosidl_adapter/cmake)
[0.396s] -- Found rosidl_generator_cpp: 3.1.8 (/opt/ros/humble/share/rosidl_generator_cpp/cmake)
[0.404s] -- Using all available rosidl_typesupport_c: rosidl_typesupport_fastrtps_c;rosidl_typesupport_introspection_c
[0.415s] -- Using all available rosidl_typesupport_cpp: rosidl_typesupport_fastrtps_cpp;rosidl_typesupport_introspection_cpp
[0.443s] -- Found rmw_implementation_cmake: 6.1.2 (/opt/ros/humble/share/rmw_implementation_cmake/cmake)
[0.444s] -- Found rmw_fastrtps_cpp: 6.2.9 (/opt/ros/humble/share/rmw_fastrtps_cpp/cmake)
[7.125s] -- Using RMW implementation 'rmw_fastrtps_cpp' as default
[7.167s] -- Found px4_msgs: 2.0.1 (/home/heated_2204/px4_globals/install/px4_msgs/share/px4_msgs/cmake)
[7.176s] -- Found geometry_msgs: 4.9.0 (/opt/ros/humble/share/geometry_msgs/cmake)
[7.186s] -- Found ament_lint_auto: 0.12.14 (/opt/ros/humble/share/ament_lint_auto/cmake)
[7.256s] -- Added test 'cppcheck' to perform static code analysis on C / C++ code
[7.256s] -- Configured cppcheck include dirs: /home/heated_2204/nonlin_ctrl_lab/setpoint_controllers/src/mrotor_controller/include
[7.256s] -- Configured cppcheck exclude dirs and/or files: 
[7.256s] -- Added test 'lint_cmake' to check CMake code style
[7.257s] -- Added test 'uncrustify' to check C / C++ code style
[7.257s] -- Configured uncrustify additional arguments: 
[7.258s] -- Added test 'xmllint' to check XML markup files
[7.259s] -- Configuring done
[7.270s] -- Generating done
[7.274s] -- Build files have been written to: /home/heated_2204/nonlin_ctrl_lab/setpoint_controllers/build/mrotor_controller
[7.307s] [35m[1mConsolidate compiler generated dependencies of target att_sp_ctrl[0m
[7.322s] [ 66%] [32mBuilding CXX object CMakeFiles/att_sp_ctrl.dir/src/attitude_setpoint_control.cpp.o[0m
[7.322s] [ 66%] [32mBuilding CXX object CMakeFiles/att_sp_ctrl.dir/src/offboard_common.cpp.o[0m
[7.627s] [01m[K/home/heated_2204/nonlin_ctrl_lab/setpoint_controllers/src/mrotor_controller/src/offboard_common.cpp:8:10:[m[K [01;31m[Kfatal error: [m[Koffboard_common.h: No such file or directory
[7.627s]     8 | #include [01;31m[K"offboard_common.h"[m[K
[7.627s]       |          [01;31m[K^~~~~~~~~~~~~~~~~~~[m[K
[7.627s] compilation terminated.
[7.634s] gmake[2]: *** [CMakeFiles/att_sp_ctrl.dir/build.make:90: CMakeFiles/att_sp_ctrl.dir/src/offboard_common.cpp.o] Error 1
[7.634s] gmake[1]: *** [CMakeFiles/Makefile2:137: CMakeFiles/att_sp_ctrl.dir/all] Error 2
[7.635s] gmake: *** [Makefile:146: all] Error 2
[7.638s] Invoked command in '/home/heated_2204/nonlin_ctrl_lab/setpoint_controllers/build/mrotor_controller' returned '2': CMAKE_PREFIX_PATH=${CMAKE_PREFIX_PATH}:/opt/ros/humble /usr/bin/cmake --build /home/heated_2204/nonlin_ctrl_lab/setpoint_controllers/build/mrotor_controller -- -j16 -l16
