[35m[1mConsolidate compiler generated dependencies of target att_sp_ctrl[0m
[ 66%] [32mBuilding CXX object CMakeFiles/att_sp_ctrl.dir/src/attitude_setpoint_control.cpp.o[0m
[ 66%] [32mBuilding CXX object CMakeFiles/att_sp_ctrl.dir/src/offboard_common.cpp.o[0m
In file included from [01m[K/home/heated_2204/nonlin_ctrl_lab/setpoint_controllers/src/mrotor_controller/src/attitude_setpoint_control.cpp:3[m[K:
[01m[K/home/heated_2204/nonlin_ctrl_lab/setpoint_controllers/src/mrotor_controller/include/mrotor_controller/offboard_common.h:17:23:[m[K [01;31m[Kerror: [m[K‘[01m[Kpx4_msgs[m[K’ was not declared in this scope
   17 |     rclcpp::Publisher<[01;31m[Kpx4_msgs[m[K::msg::OffboardControlMode>::SharedPtr offboard_control_mode_publisher;
      |                       [01;31m[K^~~~~~~~[m[K
[01m[K/home/heated_2204/nonlin_ctrl_lab/setpoint_controllers/src/mrotor_controller/include/mrotor_controller/offboard_common.h:17:57:[m[K [01;31m[Kerror: [m[Ktemplate argument 1 is invalid
   17 |     rclcpp::Publisher<px4_msgs::msg::OffboardControlMode[01;31m[K>[m[K::SharedPtr offboard_control_mode_publisher;
      |                                                         [01;31m[K^[m[K
[01m[K/home/heated_2204/nonlin_ctrl_lab/setpoint_controllers/src/mrotor_controller/include/mrotor_controller/offboard_common.h:17:60:[m[K [01;31m[Kerror: [m[Kexpected ‘[01m[K;[m[K’ at end of member declaration
   17 |     rclcpp::Publisher<px4_msgs::msg::OffboardControlMode>::[01;31m[KSharedPtr[m[K offboard_control_mode_publisher;
      |                                                            [01;31m[K^~~~~~~~~[m[K
      |                                                                     [32m[K;[m[K
[01m[K/home/heated_2204/nonlin_ctrl_lab/setpoint_controllers/src/mrotor_controller/include/mrotor_controller/offboard_common.h:17:70:[m[K [01;31m[Kerror: [m[K‘[01m[Koffboard_control_mode_publisher[m[K’ does not name a type
   17 |     rclcpp::Publisher<px4_msgs::msg::OffboardControlMode>::SharedPtr [01;31m[Koffboard_control_mode_publisher[m[K;
      |                                                                      [01;31m[K^~~~~~~~~~~~~~~~~~~~~~~~~~~~~~~[m[K
[01m[K/home/heated_2204/nonlin_ctrl_lab/setpoint_controllers/src/mrotor_controller/include/mrotor_controller/offboard_common.h:18:23:[m[K [01;31m[Kerror: [m[K‘[01m[Kpx4_msgs[m[K’ was not declared in this scope
   18 |     rclcpp::Publisher<[01;31m[Kpx4_msgs[m[K::msg::TrajectorySetpoint>::SharedPtr trajectory_setpoint_publisher;
      |                       [01;31m[K^~~~~~~~[m[K
[01m[K/home/heated_2204/nonlin_ctrl_lab/setpoint_controllers/src/mrotor_controller/include/mrotor_controller/offboard_common.h:18:56:[m[K [01;31m[Kerror: [m[Ktemplate argument 1 is invalid
   18 |     rclcpp::Publisher<px4_msgs::msg::TrajectorySetpoint[01;31m[K>[m[K::SharedPtr trajectory_setpoint_publisher;
      |                                                        [01;31m[K^[m[K
[01m[K/home/heated_2204/nonlin_ctrl_lab/setpoint_controllers/src/mrotor_controller/include/mrotor_controller/offboard_common.h:18:59:[m[K [01;31m[Kerror: [m[Kexpected ‘[01m[K;[m[K’ at end of member declaration
   18 |     rclcpp::Publisher<px4_msgs::msg::TrajectorySetpoint>::[01;31m[KSharedPtr[m[K trajectory_setpoint_publisher;
      |                                                           [01;31m[K^~~~~~~~~[m[K
      |                                                                    [32m[K;[m[K
[01m[K/home/heated_2204/nonlin_ctrl_lab/setpoint_controllers/src/mrotor_controller/include/mrotor_controller/offboard_common.h:18:59:[m[K [01;31m[Kerror: [m[Kredeclaration of ‘[01m[Kint nonlin::offboard_common::SharedPtr[m[K’
[01m[K/home/heated_2204/nonlin_ctrl_lab/setpoint_controllers/src/mrotor_controller/include/mrotor_controller/offboard_common.h:17:60:[m[K [01;36m[Knote: [m[Kprevious declaration ‘[01m[Kint nonlin::offboard_common::SharedPtr[m[K’
   17 |     rclcpp::Publisher<px4_msgs::msg::OffboardControlMode>::[01;36m[KSharedPtr[m[K offboard_control_mode_publisher;
      |                                                            [01;36m[K^~~~~~~~~[m[K
[01m[K/home/heated_2204/nonlin_ctrl_lab/setpoint_controllers/src/mrotor_controller/include/mrotor_controller/offboard_common.h:18:69:[m[K [01;31m[Kerror: [m[K‘[01m[Ktrajectory_setpoint_publisher[m[K’ does not name a type
   18 |     rclcpp::Publisher<px4_msgs::msg::TrajectorySetpoint>::SharedPtr [01;31m[Ktrajectory_setpoint_publisher[m[K;
      |                                                                     [01;31m[K^~~~~~~~~~~~~~~~~~~~~~~~~~~~~[m[K
[01m[K/home/heated_2204/nonlin_ctrl_lab/setpoint_controllers/src/mrotor_controller/include/mrotor_controller/offboard_common.h:19:23:[m[K [01;31m[Kerror: [m[K‘[01m[Kpx4_msgs[m[K’ was not declared in this scope
   19 |     rclcpp::Publisher<[01;31m[Kpx4_msgs[m[K::msg::VehicleCommand>::SharedPtr vehicle_command_publisher;
      |                       [01;31m[K^~~~~~~~[m[K
[01m[K/home/heated_2204/nonlin_ctrl_lab/setpoint_controllers/src/mrotor_controller/include/mrotor_controller/offboard_common.h:19:52:[m[K [01;31m[Kerror: [m[Ktemplate argument 1 is invalid
   19 |     rclcpp::Publisher<px4_msgs::msg::VehicleCommand[01;31m[K>[m[K::SharedPtr vehicle_command_publisher;
      |                                                    [01;31m[K^[m[K
[01m[K/home/heated_2204/nonlin_ctrl_lab/setpoint_controllers/src/mrotor_controller/include/mrotor_controller/offboard_common.h:19:55:[m[K [01;31m[Kerror: [m[Kexpected ‘[01m[K;[m[K’ at end of member declaration
   19 |     rclcpp::Publisher<px4_msgs::msg::VehicleCommand>::[01;31m[KSharedPtr[m[K vehicle_command_publisher;
      |                                                       [01;31m[K^~~~~~~~~[m[K
      |                                                                [32m[K;[m[K
[01m[K/home/heated_2204/nonlin_ctrl_lab/setpoint_controllers/src/mrotor_controller/include/mrotor_controller/offboard_common.h:19:55:[m[K [01;31m[Kerror: [m[Kredeclaration of ‘[01m[Kint nonlin::offboard_common::SharedPtr[m[K’
[01m[K/home/heated_2204/nonlin_ctrl_lab/setpoint_controllers/src/mrotor_controller/include/mrotor_controller/offboard_common.h:17:60:[m[K [01;36m[Knote: [m[Kprevious declaration ‘[01m[Kint nonlin::offboard_common::SharedPtr[m[K’
   17 |     rclcpp::Publisher<px4_msgs::msg::OffboardControlMode>::[01;36m[KSharedPtr[m[K offboard_control_mode_publisher;
      |                                                            [01;36m[K^~~~~~~~~[m[K
[01m[K/home/heated_2204/nonlin_ctrl_lab/setpoint_controllers/src/mrotor_controller/include/mrotor_controller/offboard_common.h:19:65:[m[K [01;31m[Kerror: [m[K‘[01m[Kvehicle_command_publisher[m[K’ does not name a type
   19 |     rclcpp::Publisher<px4_msgs::msg::VehicleCommand>::SharedPtr [01;31m[Kvehicle_command_publisher[m[K;
      |                                                                 [01;31m[K^~~~~~~~~~~~~~~~~~~~~~~~~[m[K
[01m[K/home/heated_2204/nonlin_ctrl_lab/setpoint_controllers/src/mrotor_controller/src/offboard_common.cpp:[m[K In member function ‘[01m[Kvoid nonlin::offboard_common::offboard_enable(bool)[m[K’:
[01m[K/home/heated_2204/nonlin_ctrl_lab/setpoint_controllers/src/mrotor_controller/src/offboard_common.cpp:78:44:[m[K [01;35m[Kwarning: [m[Kunused parameter ‘[01m[Kenable[m[K’ [[01;35m[K]8;;https://gcc.gnu.org/onlinedocs/gcc/Warning-Options.html#index-Wunused-parameter-Wunused-parameter]8;;[m[K]
   78 | void offboard_common::offboard_enable([01;35m[Kbool enable[m[K) {}
      |                                       [01;35m[K~~~~~^~~~~~[m[K
gmake[2]: *** [CMakeFiles/att_sp_ctrl.dir/build.make:76: CMakeFiles/att_sp_ctrl.dir/src/attitude_setpoint_control.cpp.o] Error 1
gmake[2]: *** Waiting for unfinished jobs....
gmake[1]: *** [CMakeFiles/Makefile2:137: CMakeFiles/att_sp_ctrl.dir/all] Error 2
gmake: *** [Makefile:146: all] Error 2
