[0.014s] Invoking command in '/home/heated_2204/nonlin_ctrl_lab/setpoint_controllers/build/mrotor_controller': CMAKE_PREFIX_PATH=${CMAKE_PREFIX_PATH}:/opt/ros/humble /usr/bin/cmake --build /home/heated_2204/nonlin_ctrl_lab/setpoint_controllers/build/mrotor_controller -- -j16 -l16
[0.042s] -- Found ament_cmake: 1.3.12 (/opt/ros/humble/share/ament_cmake/cmake)
[0.165s] -- Override CMake install command with custom implementation using symlinks instead of copying resources
[0.172s] -- Found rclcpp: 16.0.17 (/opt/ros/humble/share/rclcpp/cmake)
[0.366s] -- Found rosidl_generator_c: 3.1.8 (/opt/ros/humble/share/rosidl_generator_c/cmake)
[0.368s] -- Found rosidl_adapter: 3.1.8 (/opt/ros/humble/share/rosidl_adapter/cmake)
[0.373s] -- Found rosidl_generator_cpp: 3.1.8 (/opt/ros/humble/share/rosidl_generator_cpp/cmake)
[0.381s] -- Using all available rosidl_typesupport_c: rosidl_typesupport_fastrtps_c;rosidl_typesupport_introspection_c
[0.391s] -- Using all available rosidl_typesupport_cpp: rosidl_typesupport_fastrtps_cpp;rosidl_typesupport_introspection_cpp
[0.418s] -- Found rmw_implementation_cmake: 6.1.2 (/opt/ros/humble/share/rmw_implementation_cmake/cmake)
[0.420s] -- Found rmw_fastrtps_cpp: 6.2.9 (/opt/ros/humble/share/rmw_fastrtps_cpp/cmake)
[6.972s] -- Using RMW implementation 'rmw_fastrtps_cpp' as default
[7.010s] -- Found px4_msgs: 2.0.1 (/home/heated_2204/px4_globals/install/px4_msgs/share/px4_msgs/cmake)
[7.019s] -- Found geometry_msgs: 4.9.0 (/opt/ros/humble/share/geometry_msgs/cmake)
[7.029s] -- Found ament_lint_auto: 0.12.14 (/opt/ros/humble/share/ament_lint_auto/cmake)
[7.096s] -- Added test 'cppcheck' to perform static code analysis on C / C++ code
[7.096s] -- Configured cppcheck include dirs: /home/heated_2204/nonlin_ctrl_lab/setpoint_controllers/src/mrotor_controller/include
[7.096s] -- Configured cppcheck exclude dirs and/or files: 
[7.096s] -- Added test 'lint_cmake' to check CMake code style
[7.097s] -- Added test 'uncrustify' to check C / C++ code style
[7.097s] -- Configured uncrustify additional arguments: 
[7.098s] -- Added test 'xmllint' to check XML markup files
[7.099s] -- Configuring done
[7.110s] -- Generating done
[7.114s] -- Build files have been written to: /home/heated_2204/nonlin_ctrl_lab/setpoint_controllers/build/mrotor_controller
[7.147s] [35m[1mConsolidate compiler generated dependencies of target att_sp_ctrl[0m
[7.163s] [ 66%] [32mBuilding CXX object CMakeFiles/att_sp_ctrl.dir/src/offboard_common.cpp.o[0m
[7.163s] [ 66%] [32mBuilding CXX object CMakeFiles/att_sp_ctrl.dir/src/attitude_setpoint_control.cpp.o[0m
[9.749s] [01m[K/home/heated_2204/nonlin_ctrl_lab/setpoint_controllers/src/mrotor_controller/src/offboard_common.cpp:[m[K In member function ‘[01m[Kvoid nonlin::offboard_common::offboard_enable(bool)[m[K’:
[9.750s] [01m[K/home/heated_2204/nonlin_ctrl_lab/setpoint_controllers/src/mrotor_controller/src/offboard_common.cpp:72:44:[m[K [01;35m[Kwarning: [m[Kunused parameter ‘[01m[Kenable[m[K’ [[01;35m[K]8;;https://gcc.gnu.org/onlinedocs/gcc/Warning-Options.html#index-Wunused-parameter-Wunused-parameter]8;;[m[K]
[9.750s]    72 | void offboard_common::offboard_enable([01;35m[Kbool enable[m[K) {}
[9.750s]       |                                       [01;35m[K~~~~~^~~~~~[m[K
[12.149s] [100%] [32m[1mLinking CXX executable att_sp_ctrl[0m
[12.431s] /usr/bin/ld: CMakeFiles/att_sp_ctrl.dir/src/offboard_common.cpp.o: in function `nonlin::offboard_common::offboard_common(std::__cxx11::basic_string<char, std::char_traits<char>, std::allocator<char> >)::{lambda()#1}::operator()() const':
[12.431s] offboard_common.cpp:(.text+0x5d): undefined reference to `nonlin::offboard_common::arm()'
[12.459s] collect2: error: ld returned 1 exit status
[12.462s] gmake[2]: *** [CMakeFiles/att_sp_ctrl.dir/build.make:191: att_sp_ctrl] Error 1
[12.462s] gmake[1]: *** [CMakeFiles/Makefile2:137: CMakeFiles/att_sp_ctrl.dir/all] Error 2
[12.462s] gmake: *** [Makefile:146: all] Error 2
[12.466s] Invoked command in '/home/heated_2204/nonlin_ctrl_lab/setpoint_controllers/build/mrotor_controller' returned '2': CMAKE_PREFIX_PATH=${CMAKE_PREFIX_PATH}:/opt/ros/humble /usr/bin/cmake --build /home/heated_2204/nonlin_ctrl_lab/setpoint_controllers/build/mrotor_controller -- -j16 -l16
