[0.014s] Invoking command in '/home/heated_2204/nonlin_ctrl_lab/setpoint_controllers/build/mrotor_controller': CMAKE_PREFIX_PATH=${CMAKE_PREFIX_PATH}:/opt/ros/humble /usr/bin/cmake --build /home/heated_2204/nonlin_ctrl_lab/setpoint_controllers/build/mrotor_controller -- -j16 -l16
[0.043s] -- Found ament_cmake: 1.3.12 (/opt/ros/humble/share/ament_cmake/cmake)
[0.176s] -- Override CMake install command with custom implementation using symlinks instead of copying resources
[0.183s] -- Found rclcpp: 16.0.17 (/opt/ros/humble/share/rclcpp/cmake)
[0.379s] -- Found rosidl_generator_c: 3.1.8 (/opt/ros/humble/share/rosidl_generator_c/cmake)
[0.381s] -- Found rosidl_adapter: 3.1.8 (/opt/ros/humble/share/rosidl_adapter/cmake)
[0.387s] -- Found rosidl_generator_cpp: 3.1.8 (/opt/ros/humble/share/rosidl_generator_cpp/cmake)
[0.395s] -- Using all available rosidl_typesupport_c: rosidl_typesupport_fastrtps_c;rosidl_typesupport_introspection_c
[0.405s] -- Using all available rosidl_typesupport_cpp: rosidl_typesupport_fastrtps_cpp;rosidl_typesupport_introspection_cpp
[0.433s] -- Found rmw_implementation_cmake: 6.1.2 (/opt/ros/humble/share/rmw_implementation_cmake/cmake)
[0.434s] -- Found rmw_fastrtps_cpp: 6.2.9 (/opt/ros/humble/share/rmw_fastrtps_cpp/cmake)
[7.421s] -- Using RMW implementation 'rmw_fastrtps_cpp' as default
[7.461s] -- Found px4_msgs: 2.0.1 (/home/heated_2204/px4_globals/install/px4_msgs/share/px4_msgs/cmake)
[7.470s] -- Found geometry_msgs: 4.9.0 (/opt/ros/humble/share/geometry_msgs/cmake)
[7.480s] -- Found ament_lint_auto: 0.12.14 (/opt/ros/humble/share/ament_lint_auto/cmake)
[7.544s] [31mCMake Error at CMakeLists.txt:26 (target_include_directories):
[7.544s]   Cannot specify include directories for target "att_sp_ctrl" which is not
[7.544s]   built by this project.
[7.544s] 
[7.545s] [0m
[7.550s] -- Added test 'cppcheck' to perform static code analysis on C / C++ code
[7.550s] -- Configured cppcheck include dirs: 
[7.550s] -- Configured cppcheck exclude dirs and/or files: 
[7.551s] -- Added test 'lint_cmake' to check CMake code style
[7.552s] -- Added test 'uncrustify' to check C / C++ code style
[7.552s] -- Configured uncrustify additional arguments: 
[7.553s] -- Added test 'xmllint' to check XML markup files
[7.554s] -- Configuring incomplete, errors occurred!
[7.554s] See also "/home/heated_2204/nonlin_ctrl_lab/setpoint_controllers/build/mrotor_controller/CMakeFiles/CMakeOutput.log".
[7.564s] gmake: *** [Makefile:294: cmake_check_build_system] Error 1
[7.568s] Invoked command in '/home/heated_2204/nonlin_ctrl_lab/setpoint_controllers/build/mrotor_controller' returned '2': CMAKE_PREFIX_PATH=${CMAKE_PREFIX_PATH}:/opt/ros/humble /usr/bin/cmake --build /home/heated_2204/nonlin_ctrl_lab/setpoint_controllers/build/mrotor_controller -- -j16 -l16
