[0.319s] DEBUG:colcon:Command line arguments: ['/usr/bin/colcon', 'build', '--symlink-install']
[0.319s] DEBUG:colcon:Parsed command line arguments: Namespace(log_base=None, log_level=None, verb_name='build', build_base='build', install_base='install', merge_install=False, symlink_install=True, test_result_base=None, continue_on_error=False, executor='parallel', parallel_workers=16, event_handlers=None, ignore_user_meta=False, metas=['./colcon.meta'], base_paths=['.'], packages_ignore=None, packages_ignore_regex=None, paths=None, packages_up_to=None, packages_up_to_regex=None, packages_above=None, packages_above_and_dependencies=None, packages_above_depth=None, packages_select_by_dep=None, packages_skip_by_dep=None, packages_skip_up_to=None, packages_select_build_failed=False, packages_skip_build_finished=False, packages_select_test_failures=False, packages_skip_test_passed=False, packages_select=None, packages_skip=None, packages_select_regex=None, packages_skip_regex=None, packages_start=None, packages_end=None, allow_overriding=[], cmake_args=None, cmake_target=None, cmake_target_skip_unavailable=False, cmake_clean_cache=False, cmake_clean_first=False, cmake_force_configure=False, ament_cmake_args=None, catkin_cmake_args=None, catkin_skip_building_tests=False, mixin_files=None, mixin=None, verb_parser=<colcon_mixin.mixin.mixin_argument.MixinArgumentDecorator object at 0x72a514d4b4c0>, verb_extension=<colcon_core.verb.build.BuildVerb object at 0x72a514e94430>, main=<bound method BuildVerb.main of <colcon_core.verb.build.BuildVerb object at 0x72a514e94430>>, mixin_verb=('build',))
[0.573s] Level 1:colcon.colcon_core.package_discovery:discover_packages(colcon_meta) check parameters
[0.573s] Level 1:colcon.colcon_core.package_discovery:discover_packages(recursive) check parameters
[0.573s] Level 1:colcon.colcon_core.package_discovery:discover_packages(ignore) check parameters
[0.573s] Level 1:colcon.colcon_core.package_discovery:discover_packages(path) check parameters
[0.573s] Level 1:colcon.colcon_core.package_discovery:discover_packages(colcon_meta) discover
[0.573s] Level 1:colcon.colcon_core.package_discovery:discover_packages(recursive) discover
[0.573s] INFO:colcon.colcon_core.package_discovery:Crawling recursively for packages in '/home/heated_2204/nonlin_ctrl_lab/setpoint_controllers'
[0.573s] Level 1:colcon.colcon_core.package_identification:_identify(.) by extensions ['ignore', 'ignore_ament_install']
[0.574s] Level 1:colcon.colcon_core.package_identification:_identify(.) by extension 'ignore'
[0.574s] Level 1:colcon.colcon_core.package_identification:_identify(.) by extension 'ignore_ament_install'
[0.574s] Level 1:colcon.colcon_core.package_identification:_identify(.) by extensions ['colcon_pkg']
[0.574s] Level 1:colcon.colcon_core.package_identification:_identify(.) by extension 'colcon_pkg'
[0.574s] Level 1:colcon.colcon_core.package_identification:_identify(.) by extensions ['colcon_meta']
[0.574s] Level 1:colcon.colcon_core.package_identification:_identify(.) by extension 'colcon_meta'
[0.574s] Level 1:colcon.colcon_core.package_identification:_identify(.) by extensions ['ros']
[0.574s] Level 1:colcon.colcon_core.package_identification:_identify(.) by extension 'ros'
[0.588s] Level 1:colcon.colcon_core.package_identification:_identify(.) by extensions ['cmake', 'python']
[0.588s] Level 1:colcon.colcon_core.package_identification:_identify(.) by extension 'cmake'
[0.588s] Level 1:colcon.colcon_core.package_identification:_identify(.) by extension 'python'
[0.588s] Level 1:colcon.colcon_core.package_identification:_identify(.) by extensions ['python_setup_py']
[0.588s] Level 1:colcon.colcon_core.package_identification:_identify(.) by extension 'python_setup_py'
[0.588s] Level 1:colcon.colcon_core.package_identification:_identify(build) by extensions ['ignore', 'ignore_ament_install']
[0.589s] Level 1:colcon.colcon_core.package_identification:_identify(build) by extension 'ignore'
[0.589s] Level 1:colcon.colcon_core.package_identification:_identify(build) ignored
[0.589s] Level 1:colcon.colcon_core.package_identification:_identify(install) by extensions ['ignore', 'ignore_ament_install']
[0.589s] Level 1:colcon.colcon_core.package_identification:_identify(install) by extension 'ignore'
[0.589s] Level 1:colcon.colcon_core.package_identification:_identify(install) ignored
[0.589s] Level 1:colcon.colcon_core.package_identification:_identify(log) by extensions ['ignore', 'ignore_ament_install']
[0.589s] Level 1:colcon.colcon_core.package_identification:_identify(log) by extension 'ignore'
[0.590s] Level 1:colcon.colcon_core.package_identification:_identify(log) ignored
[0.590s] Level 1:colcon.colcon_core.package_identification:_identify(src) by extensions ['ignore', 'ignore_ament_install']
[0.590s] Level 1:colcon.colcon_core.package_identification:_identify(src) by extension 'ignore'
[0.590s] Level 1:colcon.colcon_core.package_identification:_identify(src) by extension 'ignore_ament_install'
[0.590s] Level 1:colcon.colcon_core.package_identification:_identify(src) by extensions ['colcon_pkg']
[0.590s] Level 1:colcon.colcon_core.package_identification:_identify(src) by extension 'colcon_pkg'
[0.590s] Level 1:colcon.colcon_core.package_identification:_identify(src) by extensions ['colcon_meta']
[0.590s] Level 1:colcon.colcon_core.package_identification:_identify(src) by extension 'colcon_meta'
[0.590s] Level 1:colcon.colcon_core.package_identification:_identify(src) by extensions ['ros']
[0.590s] Level 1:colcon.colcon_core.package_identification:_identify(src) by extension 'ros'
[0.591s] Level 1:colcon.colcon_core.package_identification:_identify(src) by extensions ['cmake', 'python']
[0.591s] Level 1:colcon.colcon_core.package_identification:_identify(src) by extension 'cmake'
[0.591s] Level 1:colcon.colcon_core.package_identification:_identify(src) by extension 'python'
[0.591s] Level 1:colcon.colcon_core.package_identification:_identify(src) by extensions ['python_setup_py']
[0.591s] Level 1:colcon.colcon_core.package_identification:_identify(src) by extension 'python_setup_py'
[0.591s] Level 1:colcon.colcon_core.package_identification:_identify(src/mrotor_controller) by extensions ['ignore', 'ignore_ament_install']
[0.591s] Level 1:colcon.colcon_core.package_identification:_identify(src/mrotor_controller) by extension 'ignore'
[0.591s] Level 1:colcon.colcon_core.package_identification:_identify(src/mrotor_controller) by extension 'ignore_ament_install'
[0.592s] Level 1:colcon.colcon_core.package_identification:_identify(src/mrotor_controller) by extensions ['colcon_pkg']
[0.592s] Level 1:colcon.colcon_core.package_identification:_identify(src/mrotor_controller) by extension 'colcon_pkg'
[0.592s] Level 1:colcon.colcon_core.package_identification:_identify(src/mrotor_controller) by extensions ['colcon_meta']
[0.592s] Level 1:colcon.colcon_core.package_identification:_identify(src/mrotor_controller) by extension 'colcon_meta'
[0.592s] Level 1:colcon.colcon_core.package_identification:_identify(src/mrotor_controller) by extensions ['ros']
[0.592s] Level 1:colcon.colcon_core.package_identification:_identify(src/mrotor_controller) by extension 'ros'
[0.595s] DEBUG:colcon.colcon_core.package_identification:Package 'src/mrotor_controller' with type 'ros.ament_cmake' and name 'mrotor_controller'
[0.595s] Level 1:colcon.colcon_core.package_discovery:discover_packages(recursive) using defaults
[0.595s] Level 1:colcon.colcon_core.package_discovery:discover_packages(ignore) discover
[0.595s] Level 1:colcon.colcon_core.package_discovery:discover_packages(ignore) using defaults
[0.595s] Level 1:colcon.colcon_core.package_discovery:discover_packages(path) discover
[0.595s] Level 1:colcon.colcon_core.package_discovery:discover_packages(path) using defaults
[0.643s] Level 1:colcon.colcon_core.package_discovery:discover_packages(prefix_path) check parameters
[0.643s] Level 1:colcon.colcon_core.package_discovery:discover_packages(prefix_path) discover
[0.646s] DEBUG:colcon.colcon_installed_package_information.package_discovery:Found 1 installed packages in /home/heated_2204/nonlin_ctrl_lab/setpoint_controllers/install
[0.647s] DEBUG:colcon.colcon_installed_package_information.package_discovery:Found 2 installed packages in /home/heated_2204/px4_globals/install
[0.648s] DEBUG:colcon.colcon_installed_package_information.package_discovery:Found 2 installed packages in /home/heated_2204/px4_examples/ws_offboard_control/install
[0.650s] DEBUG:colcon.colcon_installed_package_information.package_discovery:Found 323 installed packages in /opt/ros/humble
[0.652s] Level 1:colcon.colcon_core.package_discovery:discover_packages(prefix_path) using defaults
[0.702s] Level 5:colcon.colcon_core.verb:set package 'mrotor_controller' build argument 'cmake_args' from command line to 'None'
[0.702s] Level 5:colcon.colcon_core.verb:set package 'mrotor_controller' build argument 'cmake_target' from command line to 'None'
[0.702s] Level 5:colcon.colcon_core.verb:set package 'mrotor_controller' build argument 'cmake_target_skip_unavailable' from command line to 'False'
[0.702s] Level 5:colcon.colcon_core.verb:set package 'mrotor_controller' build argument 'cmake_clean_cache' from command line to 'False'
[0.702s] Level 5:colcon.colcon_core.verb:set package 'mrotor_controller' build argument 'cmake_clean_first' from command line to 'False'
[0.702s] Level 5:colcon.colcon_core.verb:set package 'mrotor_controller' build argument 'cmake_force_configure' from command line to 'False'
[0.702s] Level 5:colcon.colcon_core.verb:set package 'mrotor_controller' build argument 'ament_cmake_args' from command line to 'None'
[0.702s] Level 5:colcon.colcon_core.verb:set package 'mrotor_controller' build argument 'catkin_cmake_args' from command line to 'None'
[0.702s] Level 5:colcon.colcon_core.verb:set package 'mrotor_controller' build argument 'catkin_skip_building_tests' from command line to 'False'
[0.702s] DEBUG:colcon.colcon_core.verb:Building package 'mrotor_controller' with the following arguments: {'ament_cmake_args': None, 'build_base': '/home/heated_2204/nonlin_ctrl_lab/setpoint_controllers/build/mrotor_controller', 'catkin_cmake_args': None, 'catkin_skip_building_tests': False, 'cmake_args': None, 'cmake_clean_cache': False, 'cmake_clean_first': False, 'cmake_force_configure': False, 'cmake_target': None, 'cmake_target_skip_unavailable': False, 'install_base': '/home/heated_2204/nonlin_ctrl_lab/setpoint_controllers/install/mrotor_controller', 'merge_install': False, 'path': '/home/heated_2204/nonlin_ctrl_lab/setpoint_controllers/src/mrotor_controller', 'symlink_install': True, 'test_result_base': None}
[0.703s] INFO:colcon.colcon_core.executor:Executing jobs using 'parallel' executor
[0.704s] DEBUG:colcon.colcon_parallel_executor.executor.parallel:run_until_complete
[0.704s] INFO:colcon.colcon_ros.task.ament_cmake.build:Building ROS package in '/home/heated_2204/nonlin_ctrl_lab/setpoint_controllers/src/mrotor_controller' with build type 'ament_cmake'
[0.705s] INFO:colcon.colcon_cmake.task.cmake.build:Building CMake package in '/home/heated_2204/nonlin_ctrl_lab/setpoint_controllers/src/mrotor_controller'
[0.707s] INFO:colcon.colcon_core.plugin_system:Skipping extension 'colcon_core.shell.bat': Not used on non-Windows systems
[0.708s] INFO:colcon.colcon_core.shell:Skip shell extension 'powershell' for command environment: Not usable outside of PowerShell
[0.708s] DEBUG:colcon.colcon_core.shell:Skip shell extension 'dsv' for command environment
[0.725s] DEBUG:colcon.colcon_core.event_handler.log_command:Invoking command in '/home/heated_2204/nonlin_ctrl_lab/setpoint_controllers/build/mrotor_controller': CMAKE_PREFIX_PATH=${CMAKE_PREFIX_PATH}:/opt/ros/humble /usr/bin/cmake --build /home/heated_2204/nonlin_ctrl_lab/setpoint_controllers/build/mrotor_controller -- -j16 -l16
[4.622s] DEBUG:colcon.colcon_core.event_handler.log_command:Invoked command in '/home/heated_2204/nonlin_ctrl_lab/setpoint_controllers/build/mrotor_controller' returned '2': CMAKE_PREFIX_PATH=${CMAKE_PREFIX_PATH}:/opt/ros/humble /usr/bin/cmake --build /home/heated_2204/nonlin_ctrl_lab/setpoint_controllers/build/mrotor_controller -- -j16 -l16
[4.623s] Level 1:colcon.colcon_core.environment:create_environment_scripts_only(mrotor_controller)
[4.626s] Level 1:colcon.colcon_core.environment:checking '/home/heated_2204/nonlin_ctrl_lab/setpoint_controllers/install/mrotor_controller' for CMake module files
[4.627s] Level 1:colcon.colcon_core.environment:checking '/home/heated_2204/nonlin_ctrl_lab/setpoint_controllers/install/mrotor_controller' for CMake config files
[4.628s] Level 1:colcon.colcon_core.shell:create_environment_hook('mrotor_controller', 'cmake_prefix_path')
[4.628s] INFO:colcon.colcon_core.shell:Creating environment hook '/home/heated_2204/nonlin_ctrl_lab/setpoint_controllers/install/mrotor_controller/share/mrotor_controller/hook/cmake_prefix_path.ps1'
[4.629s] INFO:colcon.colcon_core.shell:Creating environment descriptor '/home/heated_2204/nonlin_ctrl_lab/setpoint_controllers/install/mrotor_controller/share/mrotor_controller/hook/cmake_prefix_path.dsv'
[4.629s] INFO:colcon.colcon_core.shell:Creating environment hook '/home/heated_2204/nonlin_ctrl_lab/setpoint_controllers/install/mrotor_controller/share/mrotor_controller/hook/cmake_prefix_path.sh'
[4.630s] Level 1:colcon.colcon_core.environment:checking '/home/heated_2204/nonlin_ctrl_lab/setpoint_controllers/install/mrotor_controller/lib'
[4.630s] Level 1:colcon.colcon_core.environment:checking '/home/heated_2204/nonlin_ctrl_lab/setpoint_controllers/install/mrotor_controller/bin'
[4.630s] Level 1:colcon.colcon_core.environment:checking '/home/heated_2204/nonlin_ctrl_lab/setpoint_controllers/install/mrotor_controller/lib/pkgconfig/mrotor_controller.pc'
[4.631s] Level 1:colcon.colcon_core.environment:checking '/home/heated_2204/nonlin_ctrl_lab/setpoint_controllers/install/mrotor_controller/lib/python3.10/site-packages'
[4.631s] Level 1:colcon.colcon_core.environment:checking '/home/heated_2204/nonlin_ctrl_lab/setpoint_controllers/install/mrotor_controller/bin'
[4.632s] INFO:colcon.colcon_core.shell:Creating package script '/home/heated_2204/nonlin_ctrl_lab/setpoint_controllers/install/mrotor_controller/share/mrotor_controller/package.ps1'
[4.633s] INFO:colcon.colcon_core.shell:Creating package descriptor '/home/heated_2204/nonlin_ctrl_lab/setpoint_controllers/install/mrotor_controller/share/mrotor_controller/package.dsv'
[4.634s] INFO:colcon.colcon_core.shell:Creating package script '/home/heated_2204/nonlin_ctrl_lab/setpoint_controllers/install/mrotor_controller/share/mrotor_controller/package.sh'
[4.634s] INFO:colcon.colcon_core.shell:Creating package script '/home/heated_2204/nonlin_ctrl_lab/setpoint_controllers/install/mrotor_controller/share/mrotor_controller/package.bash'
[4.635s] INFO:colcon.colcon_core.shell:Creating package script '/home/heated_2204/nonlin_ctrl_lab/setpoint_controllers/install/mrotor_controller/share/mrotor_controller/package.zsh'
[4.636s] Level 1:colcon.colcon_core.environment:create_file_with_runtime_dependencies(/home/heated_2204/nonlin_ctrl_lab/setpoint_controllers/install/mrotor_controller/share/colcon-core/packages/mrotor_controller)
[4.647s] DEBUG:colcon.colcon_parallel_executor.executor.parallel:closing loop
[4.648s] DEBUG:colcon.colcon_parallel_executor.executor.parallel:loop closed
[4.648s] DEBUG:colcon.colcon_parallel_executor.executor.parallel:run_until_complete finished with '2'
[4.648s] DEBUG:colcon.colcon_core.event_reactor:joining thread
[4.736s] INFO:colcon.colcon_core.plugin_system:Skipping extension 'colcon_notification.desktop_notification.notify_send': Could not find 'notify-send'
[4.736s] INFO:colcon.colcon_core.plugin_system:Skipping extension 'colcon_notification.desktop_notification.terminal_notifier': Not used on non-Darwin systems
[4.736s] INFO:colcon.colcon_core.plugin_system:Skipping extension 'colcon_notification.desktop_notification.win32': Not used on non-Windows systems
[4.736s] INFO:colcon.colcon_notification.desktop_notification:Sending desktop notification using 'notify2'
[4.737s] DEBUG:colcon.colcon_notification.desktop_notification.notify2:Failed to initialize notify2: org.freedesktop.DBus.Error.ServiceUnknown: The name org.freedesktop.Notifications was not provided by any .service files
[4.737s] DEBUG:colcon.colcon_core.event_reactor:joined thread
[4.738s] INFO:colcon.colcon_core.shell:Creating prefix script '/home/heated_2204/nonlin_ctrl_lab/setpoint_controllers/install/local_setup.ps1'
[4.739s] INFO:colcon.colcon_core.shell:Creating prefix util module '/home/heated_2204/nonlin_ctrl_lab/setpoint_controllers/install/_local_setup_util_ps1.py'
[4.741s] INFO:colcon.colcon_core.shell:Creating prefix chain script '/home/heated_2204/nonlin_ctrl_lab/setpoint_controllers/install/setup.ps1'
[4.743s] INFO:colcon.colcon_core.shell:Creating prefix script '/home/heated_2204/nonlin_ctrl_lab/setpoint_controllers/install/local_setup.sh'
[4.744s] INFO:colcon.colcon_core.shell:Creating prefix util module '/home/heated_2204/nonlin_ctrl_lab/setpoint_controllers/install/_local_setup_util_sh.py'
[4.744s] INFO:colcon.colcon_core.shell:Creating prefix chain script '/home/heated_2204/nonlin_ctrl_lab/setpoint_controllers/install/setup.sh'
[4.747s] INFO:colcon.colcon_core.shell:Creating prefix script '/home/heated_2204/nonlin_ctrl_lab/setpoint_controllers/install/local_setup.bash'
[4.747s] INFO:colcon.colcon_core.shell:Creating prefix chain script '/home/heated_2204/nonlin_ctrl_lab/setpoint_controllers/install/setup.bash'
[4.749s] INFO:colcon.colcon_core.shell:Creating prefix script '/home/heated_2204/nonlin_ctrl_lab/setpoint_controllers/install/local_setup.zsh'
[4.749s] INFO:colcon.colcon_core.shell:Creating prefix chain script '/home/heated_2204/nonlin_ctrl_lab/setpoint_controllers/install/setup.zsh'
