[0.014s] Invoking command in '/home/heated_2204/nonlin_ctrl_lab/setpoint_controllers/build/mrotor_controller': CMAKE_PREFIX_PATH=${CMAKE_PREFIX_PATH}:/opt/ros/humble /usr/bin/cmake --build /home/heated_2204/nonlin_ctrl_lab/setpoint_controllers/build/mrotor_controller -- -j16 -l16
[0.042s] -- Found ament_cmake: 1.3.12 (/opt/ros/humble/share/ament_cmake/cmake)
[0.162s] -- Override CMake install command with custom implementation using symlinks instead of copying resources
[0.170s] -- Found rclcpp: 16.0.17 (/opt/ros/humble/share/rclcpp/cmake)
[0.354s] -- Found rosidl_generator_c: 3.1.8 (/opt/ros/humble/share/rosidl_generator_c/cmake)
[0.356s] -- Found rosidl_adapter: 3.1.8 (/opt/ros/humble/share/rosidl_adapter/cmake)
[0.361s] -- Found rosidl_generator_cpp: 3.1.8 (/opt/ros/humble/share/rosidl_generator_cpp/cmake)
[0.369s] -- Using all available rosidl_typesupport_c: rosidl_typesupport_fastrtps_c;rosidl_typesupport_introspection_c
[0.379s] -- Using all available rosidl_typesupport_cpp: rosidl_typesupport_fastrtps_cpp;rosidl_typesupport_introspection_cpp
[0.407s] -- Found rmw_implementation_cmake: 6.1.2 (/opt/ros/humble/share/rmw_implementation_cmake/cmake)
[0.408s] -- Found rmw_fastrtps_cpp: 6.2.9 (/opt/ros/humble/share/rmw_fastrtps_cpp/cmake)
[7.813s] -- Using RMW implementation 'rmw_fastrtps_cpp' as default
[7.853s] -- Found px4_msgs: 2.0.1 (/home/heated_2204/px4_globals/install/px4_msgs/share/px4_msgs/cmake)
[7.862s] -- Found geometry_msgs: 4.9.0 (/opt/ros/humble/share/geometry_msgs/cmake)
[7.873s] -- Found ament_lint_auto: 0.12.14 (/opt/ros/humble/share/ament_lint_auto/cmake)
[7.945s] -- Added test 'cppcheck' to perform static code analysis on C / C++ code
[7.945s] -- Configured cppcheck include dirs: 
[7.945s] -- Configured cppcheck exclude dirs and/or files: 
[7.946s] -- Added test 'lint_cmake' to check CMake code style
[7.947s] -- Added test 'uncrustify' to check C / C++ code style
[7.947s] -- Configured uncrustify additional arguments: 
[7.947s] -- Added test 'xmllint' to check XML markup files
[7.949s] -- Configuring done
[7.961s] -- Generating done
[7.966s] -- Build files have been written to: /home/heated_2204/nonlin_ctrl_lab/setpoint_controllers/build/mrotor_controller
[8.001s] [35m[1mConsolidate compiler generated dependencies of target att_sp_ctrl[0m
[8.018s] [ 33%] [32mBuilding CXX object CMakeFiles/att_sp_ctrl.dir/src/offboard_common.cpp.o[0m
[8.331s] [01m[K/home/heated_2204/nonlin_ctrl_lab/setpoint_controllers/src/mrotor_controller/src/offboard_common.cpp:8:10:[m[K [01;31m[Kfatal error: [m[Koffboard_common.h: No such file or directory
[8.331s]     8 | #include [01;31m[K"offboard_common.h"[m[K
[8.331s]       |          [01;31m[K^~~~~~~~~~~~~~~~~~~[m[K
[8.331s] compilation terminated.
[8.338s] gmake[2]: *** [CMakeFiles/att_sp_ctrl.dir/build.make:90: CMakeFiles/att_sp_ctrl.dir/src/offboard_common.cpp.o] Error 1
[8.338s] gmake[1]: *** [CMakeFiles/Makefile2:137: CMakeFiles/att_sp_ctrl.dir/all] Error 2
[8.339s] gmake: *** [Makefile:146: all] Error 2
[8.342s] Invoked command in '/home/heated_2204/nonlin_ctrl_lab/setpoint_controllers/build/mrotor_controller' returned '2': CMAKE_PREFIX_PATH=${CMAKE_PREFIX_PATH}:/opt/ros/humble /usr/bin/cmake --build /home/heated_2204/nonlin_ctrl_lab/setpoint_controllers/build/mrotor_controller -- -j16 -l16
