[0.021s] Invoking command in '/home/heated_2204/nonlin_ctrl_lab/setpoint_controllers/build/mrotor_controller': CMAKE_PREFIX_PATH=${CMAKE_PREFIX_PATH}:/opt/ros/humble /usr/bin/cmake --build /home/heated_2204/nonlin_ctrl_lab/setpoint_controllers/build/mrotor_controller -- -j16 -l16
[0.070s] -- Found ament_cmake: 1.3.12 (/opt/ros/humble/share/ament_cmake/cmake)
[0.220s] -- Override CMake install command with custom implementation using symlinks instead of copying resources
[0.228s] -- Found rclcpp: 16.0.17 (/opt/ros/humble/share/rclcpp/cmake)
[0.430s] -- Found rosidl_generator_c: 3.1.8 (/opt/ros/humble/share/rosidl_generator_c/cmake)
[0.432s] -- Found rosidl_adapter: 3.1.8 (/opt/ros/humble/share/rosidl_adapter/cmake)
[0.438s] -- Found rosidl_generator_cpp: 3.1.8 (/opt/ros/humble/share/rosidl_generator_cpp/cmake)
[0.447s] -- Using all available rosidl_typesupport_c: rosidl_typesupport_fastrtps_c;rosidl_typesupport_introspection_c
[0.459s] -- Using all available rosidl_typesupport_cpp: rosidl_typesupport_fastrtps_cpp;rosidl_typesupport_introspection_cpp
[0.487s] -- Found rmw_implementation_cmake: 6.1.2 (/opt/ros/humble/share/rmw_implementation_cmake/cmake)
[0.489s] -- Found rmw_fastrtps_cpp: 6.2.9 (/opt/ros/humble/share/rmw_fastrtps_cpp/cmake)
[8.214s] -- Using RMW implementation 'rmw_fastrtps_cpp' as default
[8.279s] -- Found px4_msgs: 2.0.1 (/home/heated_2204/px4_globals/install/px4_msgs/share/px4_msgs/cmake)
[8.300s] -- Found geometry_msgs: 4.9.0 (/opt/ros/humble/share/geometry_msgs/cmake)
[8.317s] -- Found ament_lint_auto: 0.12.14 (/opt/ros/humble/share/ament_lint_auto/cmake)
[8.429s] -- Added test 'cppcheck' to perform static code analysis on C / C++ code
[8.429s] -- Configured cppcheck include dirs: /home/heated_2204/nonlin_ctrl_lab/setpoint_controllers/src/mrotor_controller/include/**
[8.429s] -- Configured cppcheck exclude dirs and/or files: 
[8.430s] -- Added test 'lint_cmake' to check CMake code style
[8.431s] -- Added test 'uncrustify' to check C / C++ code style
[8.431s] -- Configured uncrustify additional arguments: 
[8.432s] -- Added test 'xmllint' to check XML markup files
[8.433s] -- Configuring done
[8.453s] -- Generating done
[8.459s] -- Build files have been written to: /home/heated_2204/nonlin_ctrl_lab/setpoint_controllers/build/mrotor_controller
[8.507s] [35m[1mConsolidate compiler generated dependencies of target att_sp_ctrl[0m
[8.526s] [ 66%] [32mBuilding CXX object CMakeFiles/att_sp_ctrl.dir/src/attitude_setpoint_control.cpp.o[0m
[8.526s] [ 66%] [32mBuilding CXX object CMakeFiles/att_sp_ctrl.dir/src/offboard_common.cpp.o[0m
[8.867s] [01m[K/home/heated_2204/nonlin_ctrl_lab/setpoint_controllers/src/mrotor_controller/src/offboard_common.cpp:8:10:[m[K [01;31m[Kfatal error: [m[Kmrotor_controller/offboard_common.h: No such file or directory
[8.867s]     8 | #include [01;31m[K"mrotor_controller/offboard_common.h"[m[K
[8.867s]       |          [01;31m[K^~~~~~~~~~~~~~~~~~~~~~~~~~~~~~~~~~~~~[m[K
[8.867s] compilation terminated.
[8.874s] gmake[2]: *** [CMakeFiles/att_sp_ctrl.dir/build.make:90: CMakeFiles/att_sp_ctrl.dir/src/offboard_common.cpp.o] Error 1
[8.874s] gmake[2]: *** Waiting for unfinished jobs....
[8.875s] gmake[1]: *** [CMakeFiles/Makefile2:137: CMakeFiles/att_sp_ctrl.dir/all] Error 2
[8.875s] gmake: *** [Makefile:146: all] Error 2
[8.880s] Invoked command in '/home/heated_2204/nonlin_ctrl_lab/setpoint_controllers/build/mrotor_controller' returned '2': CMAKE_PREFIX_PATH=${CMAKE_PREFIX_PATH}:/opt/ros/humble /usr/bin/cmake --build /home/heated_2204/nonlin_ctrl_lab/setpoint_controllers/build/mrotor_controller -- -j16 -l16
