[0.440s] DEBUG:colcon:Command line arguments: ['/usr/bin/colcon', 'build']
[0.441s] DEBUG:colcon:Parsed command line arguments: Namespace(log_base=None, log_level=None, verb_name='build', build_base='build', install_base='install', merge_install=False, symlink_install=False, test_result_base=None, continue_on_error=False, executor='parallel', parallel_workers=16, event_handlers=None, ignore_user_meta=False, metas=['./colcon.meta'], base_paths=['.'], packages_ignore=None, packages_ignore_regex=None, paths=None, packages_up_to=None, packages_up_to_regex=None, packages_above=None, packages_above_and_dependencies=None, packages_above_depth=None, packages_select_by_dep=None, packages_skip_by_dep=None, packages_skip_up_to=None, packages_select_build_failed=False, packages_skip_build_finished=False, packages_select_test_failures=False, packages_skip_test_passed=False, packages_select=None, packages_skip=None, packages_select_regex=None, packages_skip_regex=None, packages_start=None, packages_end=None, allow_overriding=[], cmake_args=None, cmake_target=None, cmake_target_skip_unavailable=False, cmake_clean_cache=False, cmake_clean_first=False, cmake_force_configure=False, ament_cmake_args=None, catkin_cmake_args=None, catkin_skip_building_tests=False, mixin_files=None, mixin=None, verb_parser=<colcon_mixin.mixin.mixin_argument.MixinArgumentDecorator object at 0x73b7d854f4f0>, verb_extension=<colcon_core.verb.build.BuildVerb object at 0x73b7d8698460>, main=<bound method BuildVerb.main of <colcon_core.verb.build.BuildVerb object at 0x73b7d8698460>>, mixin_verb=('build',))
[0.678s] Level 1:colcon.colcon_core.package_discovery:discover_packages(colcon_meta) check parameters
[0.678s] Level 1:colcon.colcon_core.package_discovery:discover_packages(recursive) check parameters
[0.678s] Level 1:colcon.colcon_core.package_discovery:discover_packages(ignore) check parameters
[0.678s] Level 1:colcon.colcon_core.package_discovery:discover_packages(path) check parameters
[0.678s] Level 1:colcon.colcon_core.package_discovery:discover_packages(colcon_meta) discover
[0.678s] Level 1:colcon.colcon_core.package_discovery:discover_packages(recursive) discover
[0.678s] INFO:colcon.colcon_core.package_discovery:Crawling recursively for packages in '/home/heated_2204/nonlin_ctrl_lab/setpoint_controllers'
[0.678s] Level 1:colcon.colcon_core.package_identification:_identify(.) by extensions ['ignore', 'ignore_ament_install']
[0.678s] Level 1:colcon.colcon_core.package_identification:_identify(.) by extension 'ignore'
[0.679s] Level 1:colcon.colcon_core.package_identification:_identify(.) by extension 'ignore_ament_install'
[0.679s] Level 1:colcon.colcon_core.package_identification:_identify(.) by extensions ['colcon_pkg']
[0.679s] Level 1:colcon.colcon_core.package_identification:_identify(.) by extension 'colcon_pkg'
[0.679s] Level 1:colcon.colcon_core.package_identification:_identify(.) by extensions ['colcon_meta']
[0.679s] Level 1:colcon.colcon_core.package_identification:_identify(.) by extension 'colcon_meta'
[0.679s] Level 1:colcon.colcon_core.package_identification:_identify(.) by extensions ['ros']
[0.679s] Level 1:colcon.colcon_core.package_identification:_identify(.) by extension 'ros'
[0.691s] Level 1:colcon.colcon_core.package_identification:_identify(.) by extensions ['cmake', 'python']
[0.691s] Level 1:colcon.colcon_core.package_identification:_identify(.) by extension 'cmake'
[0.692s] Level 1:colcon.colcon_core.package_identification:_identify(.) by extension 'python'
[0.692s] Level 1:colcon.colcon_core.package_identification:_identify(.) by extensions ['python_setup_py']
[0.692s] Level 1:colcon.colcon_core.package_identification:_identify(.) by extension 'python_setup_py'
[0.692s] Level 1:colcon.colcon_core.package_identification:_identify(build) by extensions ['ignore', 'ignore_ament_install']
[0.692s] Level 1:colcon.colcon_core.package_identification:_identify(build) by extension 'ignore'
[0.692s] Level 1:colcon.colcon_core.package_identification:_identify(build) ignored
[0.692s] Level 1:colcon.colcon_core.package_identification:_identify(install) by extensions ['ignore', 'ignore_ament_install']
[0.692s] Level 1:colcon.colcon_core.package_identification:_identify(install) by extension 'ignore'
[0.693s] Level 1:colcon.colcon_core.package_identification:_identify(install) ignored
[0.693s] Level 1:colcon.colcon_core.package_identification:_identify(log) by extensions ['ignore', 'ignore_ament_install']
[0.693s] Level 1:colcon.colcon_core.package_identification:_identify(log) by extension 'ignore'
[0.693s] Level 1:colcon.colcon_core.package_identification:_identify(log) ignored
[0.693s] Level 1:colcon.colcon_core.package_identification:_identify(src) by extensions ['ignore', 'ignore_ament_install']
[0.693s] Level 1:colcon.colcon_core.package_identification:_identify(src) by extension 'ignore'
[0.693s] Level 1:colcon.colcon_core.package_identification:_identify(src) by extension 'ignore_ament_install'
[0.693s] Level 1:colcon.colcon_core.package_identification:_identify(src) by extensions ['colcon_pkg']
[0.693s] Level 1:colcon.colcon_core.package_identification:_identify(src) by extension 'colcon_pkg'
[0.693s] Level 1:colcon.colcon_core.package_identification:_identify(src) by extensions ['colcon_meta']
[0.693s] Level 1:colcon.colcon_core.package_identification:_identify(src) by extension 'colcon_meta'
[0.693s] Level 1:colcon.colcon_core.package_identification:_identify(src) by extensions ['ros']
[0.693s] Level 1:colcon.colcon_core.package_identification:_identify(src) by extension 'ros'
[0.694s] Level 1:colcon.colcon_core.package_identification:_identify(src) by extensions ['cmake', 'python']
[0.694s] Level 1:colcon.colcon_core.package_identification:_identify(src) by extension 'cmake'
[0.694s] Level 1:colcon.colcon_core.package_identification:_identify(src) by extension 'python'
[0.694s] Level 1:colcon.colcon_core.package_identification:_identify(src) by extensions ['python_setup_py']
[0.694s] Level 1:colcon.colcon_core.package_identification:_identify(src) by extension 'python_setup_py'
[0.694s] Level 1:colcon.colcon_core.package_identification:_identify(src/mrotor_controller) by extensions ['ignore', 'ignore_ament_install']
[0.694s] Level 1:colcon.colcon_core.package_identification:_identify(src/mrotor_controller) by extension 'ignore'
[0.694s] Level 1:colcon.colcon_core.package_identification:_identify(src/mrotor_controller) by extension 'ignore_ament_install'
[0.694s] Level 1:colcon.colcon_core.package_identification:_identify(src/mrotor_controller) by extensions ['colcon_pkg']
[0.694s] Level 1:colcon.colcon_core.package_identification:_identify(src/mrotor_controller) by extension 'colcon_pkg'
[0.694s] Level 1:colcon.colcon_core.package_identification:_identify(src/mrotor_controller) by extensions ['colcon_meta']
[0.694s] Level 1:colcon.colcon_core.package_identification:_identify(src/mrotor_controller) by extension 'colcon_meta'
[0.694s] Level 1:colcon.colcon_core.package_identification:_identify(src/mrotor_controller) by extensions ['ros']
[0.694s] Level 1:colcon.colcon_core.package_identification:_identify(src/mrotor_controller) by extension 'ros'
[0.697s] DEBUG:colcon.colcon_core.package_identification:Package 'src/mrotor_controller' with type 'ros.ament_cmake' and name 'mrotor_controller'
[0.697s] Level 1:colcon.colcon_core.package_discovery:discover_packages(recursive) using defaults
[0.698s] Level 1:colcon.colcon_core.package_discovery:discover_packages(ignore) discover
[0.698s] Level 1:colcon.colcon_core.package_discovery:discover_packages(ignore) using defaults
[0.698s] Level 1:colcon.colcon_core.package_discovery:discover_packages(path) discover
[0.698s] Level 1:colcon.colcon_core.package_discovery:discover_packages(path) using defaults
[0.747s] Level 1:colcon.colcon_core.package_discovery:discover_packages(prefix_path) check parameters
[0.747s] Level 1:colcon.colcon_core.package_discovery:discover_packages(prefix_path) discover
[0.750s] DEBUG:colcon.colcon_installed_package_information.package_discovery:Found 1 installed packages in /home/heated_2204/nonlin_ctrl_lab/setpoint_controllers/install
[0.751s] DEBUG:colcon.colcon_installed_package_information.package_discovery:Found 2 installed packages in /home/heated_2204/px4_globals/install
[0.751s] DEBUG:colcon.colcon_installed_package_information.package_discovery:Found 2 installed packages in /home/heated_2204/px4_examples/ws_offboard_control/install
[0.753s] DEBUG:colcon.colcon_installed_package_information.package_discovery:Found 323 installed packages in /opt/ros/humble
[0.756s] Level 1:colcon.colcon_core.package_discovery:discover_packages(prefix_path) using defaults
[0.807s] Level 5:colcon.colcon_core.verb:set package 'mrotor_controller' build argument 'cmake_args' from command line to 'None'
[0.807s] Level 5:colcon.colcon_core.verb:set package 'mrotor_controller' build argument 'cmake_target' from command line to 'None'
[0.807s] Level 5:colcon.colcon_core.verb:set package 'mrotor_controller' build argument 'cmake_target_skip_unavailable' from command line to 'False'
[0.807s] Level 5:colcon.colcon_core.verb:set package 'mrotor_controller' build argument 'cmake_clean_cache' from command line to 'False'
[0.807s] Level 5:colcon.colcon_core.verb:set package 'mrotor_controller' build argument 'cmake_clean_first' from command line to 'False'
[0.807s] Level 5:colcon.colcon_core.verb:set package 'mrotor_controller' build argument 'cmake_force_configure' from command line to 'False'
[0.807s] Level 5:colcon.colcon_core.verb:set package 'mrotor_controller' build argument 'ament_cmake_args' from command line to 'None'
[0.807s] Level 5:colcon.colcon_core.verb:set package 'mrotor_controller' build argument 'catkin_cmake_args' from command line to 'None'
[0.807s] Level 5:colcon.colcon_core.verb:set package 'mrotor_controller' build argument 'catkin_skip_building_tests' from command line to 'False'
[0.807s] DEBUG:colcon.colcon_core.verb:Building package 'mrotor_controller' with the following arguments: {'ament_cmake_args': None, 'build_base': '/home/heated_2204/nonlin_ctrl_lab/setpoint_controllers/build/mrotor_controller', 'catkin_cmake_args': None, 'catkin_skip_building_tests': False, 'cmake_args': None, 'cmake_clean_cache': False, 'cmake_clean_first': False, 'cmake_force_configure': False, 'cmake_target': None, 'cmake_target_skip_unavailable': False, 'install_base': '/home/heated_2204/nonlin_ctrl_lab/setpoint_controllers/install/mrotor_controller', 'merge_install': False, 'path': '/home/heated_2204/nonlin_ctrl_lab/setpoint_controllers/src/mrotor_controller', 'symlink_install': False, 'test_result_base': None}
[0.807s] INFO:colcon.colcon_core.executor:Executing jobs using 'parallel' executor
[0.809s] DEBUG:colcon.colcon_parallel_executor.executor.parallel:run_until_complete
[0.809s] INFO:colcon.colcon_ros.task.ament_cmake.build:Building ROS package in '/home/heated_2204/nonlin_ctrl_lab/setpoint_controllers/src/mrotor_controller' with build type 'ament_cmake'
[0.810s] INFO:colcon.colcon_cmake.task.cmake.build:Building CMake package in '/home/heated_2204/nonlin_ctrl_lab/setpoint_controllers/src/mrotor_controller'
[0.812s] INFO:colcon.colcon_core.plugin_system:Skipping extension 'colcon_core.shell.bat': Not used on non-Windows systems
[0.812s] INFO:colcon.colcon_core.shell:Skip shell extension 'powershell' for command environment: Not usable outside of PowerShell
[0.812s] DEBUG:colcon.colcon_core.shell:Skip shell extension 'dsv' for command environment
[0.830s] DEBUG:colcon.colcon_core.event_handler.log_command:Invoking command in '/home/heated_2204/nonlin_ctrl_lab/setpoint_controllers/build/mrotor_controller': CMAKE_PREFIX_PATH=${CMAKE_PREFIX_PATH}:/opt/ros/humble /usr/bin/cmake --build /home/heated_2204/nonlin_ctrl_lab/setpoint_controllers/build/mrotor_controller -- -j16 -l16
[7.782s] DEBUG:colcon.colcon_core.event_handler.log_command:Invoked command in '/home/heated_2204/nonlin_ctrl_lab/setpoint_controllers/build/mrotor_controller' returned '0': CMAKE_PREFIX_PATH=${CMAKE_PREFIX_PATH}:/opt/ros/humble /usr/bin/cmake --build /home/heated_2204/nonlin_ctrl_lab/setpoint_controllers/build/mrotor_controller -- -j16 -l16
[7.801s] DEBUG:colcon.colcon_core.event_handler.log_command:Invoking command in '/home/heated_2204/nonlin_ctrl_lab/setpoint_controllers/build/mrotor_controller': CMAKE_PREFIX_PATH=${CMAKE_PREFIX_PATH}:/opt/ros/humble /usr/bin/cmake --install /home/heated_2204/nonlin_ctrl_lab/setpoint_controllers/build/mrotor_controller
[7.836s] Level 1:colcon.colcon_core.environment:create_environment_scripts_only(mrotor_controller)
[7.837s] DEBUG:colcon.colcon_core.event_handler.log_command:Invoked command in '/home/heated_2204/nonlin_ctrl_lab/setpoint_controllers/build/mrotor_controller' returned '0': CMAKE_PREFIX_PATH=${CMAKE_PREFIX_PATH}:/opt/ros/humble /usr/bin/cmake --install /home/heated_2204/nonlin_ctrl_lab/setpoint_controllers/build/mrotor_controller
[7.839s] Level 1:colcon.colcon_core.environment:checking '/home/heated_2204/nonlin_ctrl_lab/setpoint_controllers/install/mrotor_controller' for CMake module files
[7.840s] Level 1:colcon.colcon_core.environment:checking '/home/heated_2204/nonlin_ctrl_lab/setpoint_controllers/install/mrotor_controller' for CMake config files
[7.841s] Level 1:colcon.colcon_core.shell:create_environment_hook('mrotor_controller', 'cmake_prefix_path')
[7.842s] INFO:colcon.colcon_core.shell:Creating environment hook '/home/heated_2204/nonlin_ctrl_lab/setpoint_controllers/install/mrotor_controller/share/mrotor_controller/hook/cmake_prefix_path.ps1'
[7.842s] INFO:colcon.colcon_core.shell:Creating environment descriptor '/home/heated_2204/nonlin_ctrl_lab/setpoint_controllers/install/mrotor_controller/share/mrotor_controller/hook/cmake_prefix_path.dsv'
[7.843s] INFO:colcon.colcon_core.shell:Creating environment hook '/home/heated_2204/nonlin_ctrl_lab/setpoint_controllers/install/mrotor_controller/share/mrotor_controller/hook/cmake_prefix_path.sh'
[7.843s] Level 1:colcon.colcon_core.environment:checking '/home/heated_2204/nonlin_ctrl_lab/setpoint_controllers/install/mrotor_controller/lib'
[7.844s] Level 1:colcon.colcon_core.environment:checking '/home/heated_2204/nonlin_ctrl_lab/setpoint_controllers/install/mrotor_controller/bin'
[7.844s] Level 1:colcon.colcon_core.environment:checking '/home/heated_2204/nonlin_ctrl_lab/setpoint_controllers/install/mrotor_controller/lib/pkgconfig/mrotor_controller.pc'
[7.844s] Level 1:colcon.colcon_core.environment:checking '/home/heated_2204/nonlin_ctrl_lab/setpoint_controllers/install/mrotor_controller/lib/python3.10/site-packages'
[7.844s] Level 1:colcon.colcon_core.environment:checking '/home/heated_2204/nonlin_ctrl_lab/setpoint_controllers/install/mrotor_controller/bin'
[7.845s] INFO:colcon.colcon_core.shell:Creating package script '/home/heated_2204/nonlin_ctrl_lab/setpoint_controllers/install/mrotor_controller/share/mrotor_controller/package.ps1'
[7.846s] INFO:colcon.colcon_core.shell:Creating package descriptor '/home/heated_2204/nonlin_ctrl_lab/setpoint_controllers/install/mrotor_controller/share/mrotor_controller/package.dsv'
[7.847s] INFO:colcon.colcon_core.shell:Creating package script '/home/heated_2204/nonlin_ctrl_lab/setpoint_controllers/install/mrotor_controller/share/mrotor_controller/package.sh'
[7.849s] INFO:colcon.colcon_core.shell:Creating package script '/home/heated_2204/nonlin_ctrl_lab/setpoint_controllers/install/mrotor_controller/share/mrotor_controller/package.bash'
[7.849s] INFO:colcon.colcon_core.shell:Creating package script '/home/heated_2204/nonlin_ctrl_lab/setpoint_controllers/install/mrotor_controller/share/mrotor_controller/package.zsh'
[7.850s] Level 1:colcon.colcon_core.environment:create_file_with_runtime_dependencies(/home/heated_2204/nonlin_ctrl_lab/setpoint_controllers/install/mrotor_controller/share/colcon-core/packages/mrotor_controller)
[7.851s] Level 1:colcon.colcon_core.environment:create_environment_scripts_only(mrotor_controller)
[7.851s] Level 1:colcon.colcon_core.environment:checking '/home/heated_2204/nonlin_ctrl_lab/setpoint_controllers/install/mrotor_controller' for CMake module files
[7.852s] Level 1:colcon.colcon_core.environment:checking '/home/heated_2204/nonlin_ctrl_lab/setpoint_controllers/install/mrotor_controller' for CMake config files
[7.852s] Level 1:colcon.colcon_core.shell:create_environment_hook('mrotor_controller', 'cmake_prefix_path')
[7.852s] INFO:colcon.colcon_core.shell:Creating environment hook '/home/heated_2204/nonlin_ctrl_lab/setpoint_controllers/install/mrotor_controller/share/mrotor_controller/hook/cmake_prefix_path.ps1'
[7.853s] INFO:colcon.colcon_core.shell:Creating environment descriptor '/home/heated_2204/nonlin_ctrl_lab/setpoint_controllers/install/mrotor_controller/share/mrotor_controller/hook/cmake_prefix_path.dsv'
[7.854s] INFO:colcon.colcon_core.shell:Creating environment hook '/home/heated_2204/nonlin_ctrl_lab/setpoint_controllers/install/mrotor_controller/share/mrotor_controller/hook/cmake_prefix_path.sh'
[7.854s] Level 1:colcon.colcon_core.environment:checking '/home/heated_2204/nonlin_ctrl_lab/setpoint_controllers/install/mrotor_controller/lib'
[7.855s] Level 1:colcon.colcon_core.environment:checking '/home/heated_2204/nonlin_ctrl_lab/setpoint_controllers/install/mrotor_controller/bin'
[7.855s] Level 1:colcon.colcon_core.environment:checking '/home/heated_2204/nonlin_ctrl_lab/setpoint_controllers/install/mrotor_controller/lib/pkgconfig/mrotor_controller.pc'
[7.855s] Level 1:colcon.colcon_core.environment:checking '/home/heated_2204/nonlin_ctrl_lab/setpoint_controllers/install/mrotor_controller/lib/python3.10/site-packages'
[7.855s] Level 1:colcon.colcon_core.environment:checking '/home/heated_2204/nonlin_ctrl_lab/setpoint_controllers/install/mrotor_controller/bin'
[7.856s] INFO:colcon.colcon_core.shell:Creating package script '/home/heated_2204/nonlin_ctrl_lab/setpoint_controllers/install/mrotor_controller/share/mrotor_controller/package.ps1'
[7.856s] INFO:colcon.colcon_core.shell:Creating package descriptor '/home/heated_2204/nonlin_ctrl_lab/setpoint_controllers/install/mrotor_controller/share/mrotor_controller/package.dsv'
[7.857s] INFO:colcon.colcon_core.shell:Creating package script '/home/heated_2204/nonlin_ctrl_lab/setpoint_controllers/install/mrotor_controller/share/mrotor_controller/package.sh'
[7.858s] INFO:colcon.colcon_core.shell:Creating package script '/home/heated_2204/nonlin_ctrl_lab/setpoint_controllers/install/mrotor_controller/share/mrotor_controller/package.bash'
[7.858s] INFO:colcon.colcon_core.shell:Creating package script '/home/heated_2204/nonlin_ctrl_lab/setpoint_controllers/install/mrotor_controller/share/mrotor_controller/package.zsh'
[7.859s] Level 1:colcon.colcon_core.environment:create_file_with_runtime_dependencies(/home/heated_2204/nonlin_ctrl_lab/setpoint_controllers/install/mrotor_controller/share/colcon-core/packages/mrotor_controller)
[7.859s] DEBUG:colcon.colcon_parallel_executor.executor.parallel:closing loop
[7.860s] DEBUG:colcon.colcon_parallel_executor.executor.parallel:loop closed
[7.861s] DEBUG:colcon.colcon_parallel_executor.executor.parallel:run_until_complete finished with '0'
[7.861s] DEBUG:colcon.colcon_core.event_reactor:joining thread
[7.940s] INFO:colcon.colcon_core.plugin_system:Skipping extension 'colcon_notification.desktop_notification.notify_send': Could not find 'notify-send'
[7.940s] INFO:colcon.colcon_core.plugin_system:Skipping extension 'colcon_notification.desktop_notification.terminal_notifier': Not used on non-Darwin systems
[7.941s] INFO:colcon.colcon_core.plugin_system:Skipping extension 'colcon_notification.desktop_notification.win32': Not used on non-Windows systems
[7.941s] INFO:colcon.colcon_notification.desktop_notification:Sending desktop notification using 'notify2'
[7.942s] DEBUG:colcon.colcon_notification.desktop_notification.notify2:Failed to initialize notify2: org.freedesktop.DBus.Error.ServiceUnknown: The name org.freedesktop.Notifications was not provided by any .service files
[7.942s] DEBUG:colcon.colcon_core.event_reactor:joined thread
[7.943s] INFO:colcon.colcon_core.shell:Creating prefix script '/home/heated_2204/nonlin_ctrl_lab/setpoint_controllers/install/local_setup.ps1'
[7.944s] INFO:colcon.colcon_core.shell:Creating prefix util module '/home/heated_2204/nonlin_ctrl_lab/setpoint_controllers/install/_local_setup_util_ps1.py'
[7.945s] INFO:colcon.colcon_core.shell:Creating prefix chain script '/home/heated_2204/nonlin_ctrl_lab/setpoint_controllers/install/setup.ps1'
[7.947s] INFO:colcon.colcon_core.shell:Creating prefix script '/home/heated_2204/nonlin_ctrl_lab/setpoint_controllers/install/local_setup.sh'
[7.947s] INFO:colcon.colcon_core.shell:Creating prefix util module '/home/heated_2204/nonlin_ctrl_lab/setpoint_controllers/install/_local_setup_util_sh.py'
[7.948s] INFO:colcon.colcon_core.shell:Creating prefix chain script '/home/heated_2204/nonlin_ctrl_lab/setpoint_controllers/install/setup.sh'
[7.949s] INFO:colcon.colcon_core.shell:Creating prefix script '/home/heated_2204/nonlin_ctrl_lab/setpoint_controllers/install/local_setup.bash'
[7.950s] INFO:colcon.colcon_core.shell:Creating prefix chain script '/home/heated_2204/nonlin_ctrl_lab/setpoint_controllers/install/setup.bash'
[7.951s] INFO:colcon.colcon_core.shell:Creating prefix script '/home/heated_2204/nonlin_ctrl_lab/setpoint_controllers/install/local_setup.zsh'
[7.951s] INFO:colcon.colcon_core.shell:Creating prefix chain script '/home/heated_2204/nonlin_ctrl_lab/setpoint_controllers/install/setup.zsh'
