[0.297s] DEBUG:colcon:Command line arguments: ['/usr/bin/colcon', 'build']
[0.297s] DEBUG:colcon:Parsed command line arguments: Namespace(log_base=None, log_level=None, verb_name='build', build_base='build', install_base='install', merge_install=False, symlink_install=False, test_result_base=None, continue_on_error=False, executor='parallel', parallel_workers=16, event_handlers=None, ignore_user_meta=False, metas=['./colcon.meta'], base_paths=['.'], packages_ignore=None, packages_ignore_regex=None, paths=None, packages_up_to=None, packages_up_to_regex=None, packages_above=None, packages_above_and_dependencies=None, packages_above_depth=None, packages_select_by_dep=None, packages_skip_by_dep=None, packages_skip_up_to=None, packages_select_build_failed=False, packages_skip_build_finished=False, packages_select_test_failures=False, packages_skip_test_passed=False, packages_select=None, packages_skip=None, packages_select_regex=None, packages_skip_regex=None, packages_start=None, packages_end=None, allow_overriding=[], cmake_args=None, cmake_target=None, cmake_target_skip_unavailable=False, cmake_clean_cache=False, cmake_clean_first=False, cmake_force_configure=False, ament_cmake_args=None, catkin_cmake_args=None, catkin_skip_building_tests=False, mixin_files=None, mixin=None, verb_parser=<colcon_mixin.mixin.mixin_argument.MixinArgumentDecorator object at 0x7a3d1914b4c0>, verb_extension=<colcon_core.verb.build.BuildVerb object at 0x7a3d19294430>, main=<bound method BuildVerb.main of <colcon_core.verb.build.BuildVerb object at 0x7a3d19294430>>, mixin_verb=('build',))
[0.508s] Level 1:colcon.colcon_core.package_discovery:discover_packages(colcon_meta) check parameters
[0.509s] Level 1:colcon.colcon_core.package_discovery:discover_packages(recursive) check parameters
[0.509s] Level 1:colcon.colcon_core.package_discovery:discover_packages(ignore) check parameters
[0.509s] Level 1:colcon.colcon_core.package_discovery:discover_packages(path) check parameters
[0.509s] Level 1:colcon.colcon_core.package_discovery:discover_packages(colcon_meta) discover
[0.509s] Level 1:colcon.colcon_core.package_discovery:discover_packages(recursive) discover
[0.509s] INFO:colcon.colcon_core.package_discovery:Crawling recursively for packages in '/home/heated_2204/nonlin_ctrl_lab/setpoint_controllers'
[0.509s] Level 1:colcon.colcon_core.package_identification:_identify(.) by extensions ['ignore', 'ignore_ament_install']
[0.509s] Level 1:colcon.colcon_core.package_identification:_identify(.) by extension 'ignore'
[0.509s] Level 1:colcon.colcon_core.package_identification:_identify(.) by extension 'ignore_ament_install'
[0.509s] Level 1:colcon.colcon_core.package_identification:_identify(.) by extensions ['colcon_pkg']
[0.509s] Level 1:colcon.colcon_core.package_identification:_identify(.) by extension 'colcon_pkg'
[0.509s] Level 1:colcon.colcon_core.package_identification:_identify(.) by extensions ['colcon_meta']
[0.509s] Level 1:colcon.colcon_core.package_identification:_identify(.) by extension 'colcon_meta'
[0.509s] Level 1:colcon.colcon_core.package_identification:_identify(.) by extensions ['ros']
[0.509s] Level 1:colcon.colcon_core.package_identification:_identify(.) by extension 'ros'
[0.520s] Level 1:colcon.colcon_core.package_identification:_identify(.) by extensions ['cmake', 'python']
[0.520s] Level 1:colcon.colcon_core.package_identification:_identify(.) by extension 'cmake'
[0.521s] Level 1:colcon.colcon_core.package_identification:_identify(.) by extension 'python'
[0.521s] Level 1:colcon.colcon_core.package_identification:_identify(.) by extensions ['python_setup_py']
[0.521s] Level 1:colcon.colcon_core.package_identification:_identify(.) by extension 'python_setup_py'
[0.521s] Level 1:colcon.colcon_core.package_identification:_identify(build) by extensions ['ignore', 'ignore_ament_install']
[0.521s] Level 1:colcon.colcon_core.package_identification:_identify(build) by extension 'ignore'
[0.521s] Level 1:colcon.colcon_core.package_identification:_identify(build) ignored
[0.521s] Level 1:colcon.colcon_core.package_identification:_identify(install) by extensions ['ignore', 'ignore_ament_install']
[0.521s] Level 1:colcon.colcon_core.package_identification:_identify(install) by extension 'ignore'
[0.521s] Level 1:colcon.colcon_core.package_identification:_identify(install) ignored
[0.522s] Level 1:colcon.colcon_core.package_identification:_identify(log) by extensions ['ignore', 'ignore_ament_install']
[0.522s] Level 1:colcon.colcon_core.package_identification:_identify(log) by extension 'ignore'
[0.522s] Level 1:colcon.colcon_core.package_identification:_identify(log) ignored
[0.522s] Level 1:colcon.colcon_core.package_identification:_identify(src) by extensions ['ignore', 'ignore_ament_install']
[0.522s] Level 1:colcon.colcon_core.package_identification:_identify(src) by extension 'ignore'
[0.522s] Level 1:colcon.colcon_core.package_identification:_identify(src) by extension 'ignore_ament_install'
[0.522s] Level 1:colcon.colcon_core.package_identification:_identify(src) by extensions ['colcon_pkg']
[0.522s] Level 1:colcon.colcon_core.package_identification:_identify(src) by extension 'colcon_pkg'
[0.522s] Level 1:colcon.colcon_core.package_identification:_identify(src) by extensions ['colcon_meta']
[0.522s] Level 1:colcon.colcon_core.package_identification:_identify(src) by extension 'colcon_meta'
[0.522s] Level 1:colcon.colcon_core.package_identification:_identify(src) by extensions ['ros']
[0.522s] Level 1:colcon.colcon_core.package_identification:_identify(src) by extension 'ros'
[0.522s] Level 1:colcon.colcon_core.package_identification:_identify(src) by extensions ['cmake', 'python']
[0.522s] Level 1:colcon.colcon_core.package_identification:_identify(src) by extension 'cmake'
[0.523s] Level 1:colcon.colcon_core.package_identification:_identify(src) by extension 'python'
[0.523s] Level 1:colcon.colcon_core.package_identification:_identify(src) by extensions ['python_setup_py']
[0.523s] Level 1:colcon.colcon_core.package_identification:_identify(src) by extension 'python_setup_py'
[0.523s] Level 1:colcon.colcon_core.package_identification:_identify(src/mrotor_controller) by extensions ['ignore', 'ignore_ament_install']
[0.523s] Level 1:colcon.colcon_core.package_identification:_identify(src/mrotor_controller) by extension 'ignore'
[0.523s] Level 1:colcon.colcon_core.package_identification:_identify(src/mrotor_controller) by extension 'ignore_ament_install'
[0.523s] Level 1:colcon.colcon_core.package_identification:_identify(src/mrotor_controller) by extensions ['colcon_pkg']
[0.523s] Level 1:colcon.colcon_core.package_identification:_identify(src/mrotor_controller) by extension 'colcon_pkg'
[0.523s] Level 1:colcon.colcon_core.package_identification:_identify(src/mrotor_controller) by extensions ['colcon_meta']
[0.523s] Level 1:colcon.colcon_core.package_identification:_identify(src/mrotor_controller) by extension 'colcon_meta'
[0.523s] Level 1:colcon.colcon_core.package_identification:_identify(src/mrotor_controller) by extensions ['ros']
[0.523s] Level 1:colcon.colcon_core.package_identification:_identify(src/mrotor_controller) by extension 'ros'
[0.526s] DEBUG:colcon.colcon_core.package_identification:Package 'src/mrotor_controller' with type 'ros.ament_cmake' and name 'mrotor_controller'
[0.526s] Level 1:colcon.colcon_core.package_discovery:discover_packages(recursive) using defaults
[0.526s] Level 1:colcon.colcon_core.package_discovery:discover_packages(ignore) discover
[0.526s] Level 1:colcon.colcon_core.package_discovery:discover_packages(ignore) using defaults
[0.526s] Level 1:colcon.colcon_core.package_discovery:discover_packages(path) discover
[0.526s] Level 1:colcon.colcon_core.package_discovery:discover_packages(path) using defaults
[0.568s] Level 1:colcon.colcon_core.package_discovery:discover_packages(prefix_path) check parameters
[0.569s] Level 1:colcon.colcon_core.package_discovery:discover_packages(prefix_path) discover
[0.571s] DEBUG:colcon.colcon_installed_package_information.package_discovery:Found 2 installed packages in /home/heated_2204/px4_globals/install
[0.571s] DEBUG:colcon.colcon_installed_package_information.package_discovery:Found 2 installed packages in /home/heated_2204/px4_examples/ws_offboard_control/install
[0.573s] DEBUG:colcon.colcon_installed_package_information.package_discovery:Found 323 installed packages in /opt/ros/humble
[0.574s] Level 1:colcon.colcon_core.package_discovery:discover_packages(prefix_path) using defaults
[0.617s] Level 5:colcon.colcon_core.verb:set package 'mrotor_controller' build argument 'cmake_args' from command line to 'None'
[0.617s] Level 5:colcon.colcon_core.verb:set package 'mrotor_controller' build argument 'cmake_target' from command line to 'None'
[0.617s] Level 5:colcon.colcon_core.verb:set package 'mrotor_controller' build argument 'cmake_target_skip_unavailable' from command line to 'False'
[0.617s] Level 5:colcon.colcon_core.verb:set package 'mrotor_controller' build argument 'cmake_clean_cache' from command line to 'False'
[0.617s] Level 5:colcon.colcon_core.verb:set package 'mrotor_controller' build argument 'cmake_clean_first' from command line to 'False'
[0.617s] Level 5:colcon.colcon_core.verb:set package 'mrotor_controller' build argument 'cmake_force_configure' from command line to 'False'
[0.617s] Level 5:colcon.colcon_core.verb:set package 'mrotor_controller' build argument 'ament_cmake_args' from command line to 'None'
[0.617s] Level 5:colcon.colcon_core.verb:set package 'mrotor_controller' build argument 'catkin_cmake_args' from command line to 'None'
[0.617s] Level 5:colcon.colcon_core.verb:set package 'mrotor_controller' build argument 'catkin_skip_building_tests' from command line to 'False'
[0.617s] DEBUG:colcon.colcon_core.verb:Building package 'mrotor_controller' with the following arguments: {'ament_cmake_args': None, 'build_base': '/home/heated_2204/nonlin_ctrl_lab/setpoint_controllers/build/mrotor_controller', 'catkin_cmake_args': None, 'catkin_skip_building_tests': False, 'cmake_args': None, 'cmake_clean_cache': False, 'cmake_clean_first': False, 'cmake_force_configure': False, 'cmake_target': None, 'cmake_target_skip_unavailable': False, 'install_base': '/home/heated_2204/nonlin_ctrl_lab/setpoint_controllers/install/mrotor_controller', 'merge_install': False, 'path': '/home/heated_2204/nonlin_ctrl_lab/setpoint_controllers/src/mrotor_controller', 'symlink_install': False, 'test_result_base': None}
[0.618s] INFO:colcon.colcon_core.executor:Executing jobs using 'parallel' executor
[0.620s] DEBUG:colcon.colcon_parallel_executor.executor.parallel:run_until_complete
[0.620s] INFO:colcon.colcon_ros.task.ament_cmake.build:Building ROS package in '/home/heated_2204/nonlin_ctrl_lab/setpoint_controllers/src/mrotor_controller' with build type 'ament_cmake'
[0.620s] INFO:colcon.colcon_cmake.task.cmake.build:Building CMake package in '/home/heated_2204/nonlin_ctrl_lab/setpoint_controllers/src/mrotor_controller'
[0.623s] INFO:colcon.colcon_core.plugin_system:Skipping extension 'colcon_core.shell.bat': Not used on non-Windows systems
[0.623s] INFO:colcon.colcon_core.shell:Skip shell extension 'powershell' for command environment: Not usable outside of PowerShell
[0.623s] DEBUG:colcon.colcon_core.shell:Skip shell extension 'dsv' for command environment
[0.638s] DEBUG:colcon.colcon_core.event_handler.log_command:Invoking command in '/home/heated_2204/nonlin_ctrl_lab/setpoint_controllers/build/mrotor_controller': CMAKE_PREFIX_PATH=${CMAKE_PREFIX_PATH}:/opt/ros/humble /usr/bin/cmake --build /home/heated_2204/nonlin_ctrl_lab/setpoint_controllers/build/mrotor_controller -- -j16 -l16
[6.207s] DEBUG:colcon.colcon_core.event_handler.log_command:Invoked command in '/home/heated_2204/nonlin_ctrl_lab/setpoint_controllers/build/mrotor_controller' returned '0': CMAKE_PREFIX_PATH=${CMAKE_PREFIX_PATH}:/opt/ros/humble /usr/bin/cmake --build /home/heated_2204/nonlin_ctrl_lab/setpoint_controllers/build/mrotor_controller -- -j16 -l16
[6.220s] DEBUG:colcon.colcon_core.event_handler.log_command:Invoking command in '/home/heated_2204/nonlin_ctrl_lab/setpoint_controllers/build/mrotor_controller': CMAKE_PREFIX_PATH=${CMAKE_PREFIX_PATH}:/opt/ros/humble /usr/bin/cmake --install /home/heated_2204/nonlin_ctrl_lab/setpoint_controllers/build/mrotor_controller
[6.249s] Level 1:colcon.colcon_core.environment:create_environment_scripts_only(mrotor_controller)
[6.250s] DEBUG:colcon.colcon_core.event_handler.log_command:Invoked command in '/home/heated_2204/nonlin_ctrl_lab/setpoint_controllers/build/mrotor_controller' returned '0': CMAKE_PREFIX_PATH=${CMAKE_PREFIX_PATH}:/opt/ros/humble /usr/bin/cmake --install /home/heated_2204/nonlin_ctrl_lab/setpoint_controllers/build/mrotor_controller
[6.252s] Level 1:colcon.colcon_core.environment:checking '/home/heated_2204/nonlin_ctrl_lab/setpoint_controllers/install/mrotor_controller' for CMake module files
[6.253s] Level 1:colcon.colcon_core.environment:checking '/home/heated_2204/nonlin_ctrl_lab/setpoint_controllers/install/mrotor_controller' for CMake config files
[6.254s] Level 1:colcon.colcon_core.shell:create_environment_hook('mrotor_controller', 'cmake_prefix_path')
[6.254s] INFO:colcon.colcon_core.shell:Creating environment hook '/home/heated_2204/nonlin_ctrl_lab/setpoint_controllers/install/mrotor_controller/share/mrotor_controller/hook/cmake_prefix_path.ps1'
[6.255s] INFO:colcon.colcon_core.shell:Creating environment descriptor '/home/heated_2204/nonlin_ctrl_lab/setpoint_controllers/install/mrotor_controller/share/mrotor_controller/hook/cmake_prefix_path.dsv'
[6.255s] INFO:colcon.colcon_core.shell:Creating environment hook '/home/heated_2204/nonlin_ctrl_lab/setpoint_controllers/install/mrotor_controller/share/mrotor_controller/hook/cmake_prefix_path.sh'
[6.256s] Level 1:colcon.colcon_core.environment:checking '/home/heated_2204/nonlin_ctrl_lab/setpoint_controllers/install/mrotor_controller/lib'
[6.256s] Level 1:colcon.colcon_core.environment:checking '/home/heated_2204/nonlin_ctrl_lab/setpoint_controllers/install/mrotor_controller/bin'
[6.256s] Level 1:colcon.colcon_core.environment:checking '/home/heated_2204/nonlin_ctrl_lab/setpoint_controllers/install/mrotor_controller/lib/pkgconfig/mrotor_controller.pc'
[6.256s] Level 1:colcon.colcon_core.environment:checking '/home/heated_2204/nonlin_ctrl_lab/setpoint_controllers/install/mrotor_controller/lib/python3.10/site-packages'
[6.257s] Level 1:colcon.colcon_core.environment:checking '/home/heated_2204/nonlin_ctrl_lab/setpoint_controllers/install/mrotor_controller/bin'
[6.257s] INFO:colcon.colcon_core.shell:Creating package script '/home/heated_2204/nonlin_ctrl_lab/setpoint_controllers/install/mrotor_controller/share/mrotor_controller/package.ps1'
[6.258s] INFO:colcon.colcon_core.shell:Creating package descriptor '/home/heated_2204/nonlin_ctrl_lab/setpoint_controllers/install/mrotor_controller/share/mrotor_controller/package.dsv'
[6.259s] INFO:colcon.colcon_core.shell:Creating package script '/home/heated_2204/nonlin_ctrl_lab/setpoint_controllers/install/mrotor_controller/share/mrotor_controller/package.sh'
[6.259s] INFO:colcon.colcon_core.shell:Creating package script '/home/heated_2204/nonlin_ctrl_lab/setpoint_controllers/install/mrotor_controller/share/mrotor_controller/package.bash'
[6.260s] INFO:colcon.colcon_core.shell:Creating package script '/home/heated_2204/nonlin_ctrl_lab/setpoint_controllers/install/mrotor_controller/share/mrotor_controller/package.zsh'
[6.261s] Level 1:colcon.colcon_core.environment:create_file_with_runtime_dependencies(/home/heated_2204/nonlin_ctrl_lab/setpoint_controllers/install/mrotor_controller/share/colcon-core/packages/mrotor_controller)
[6.261s] Level 1:colcon.colcon_core.environment:create_environment_scripts_only(mrotor_controller)
[6.262s] Level 1:colcon.colcon_core.environment:checking '/home/heated_2204/nonlin_ctrl_lab/setpoint_controllers/install/mrotor_controller' for CMake module files
[6.262s] Level 1:colcon.colcon_core.environment:checking '/home/heated_2204/nonlin_ctrl_lab/setpoint_controllers/install/mrotor_controller' for CMake config files
[6.262s] Level 1:colcon.colcon_core.shell:create_environment_hook('mrotor_controller', 'cmake_prefix_path')
[6.263s] INFO:colcon.colcon_core.shell:Creating environment hook '/home/heated_2204/nonlin_ctrl_lab/setpoint_controllers/install/mrotor_controller/share/mrotor_controller/hook/cmake_prefix_path.ps1'
[6.263s] INFO:colcon.colcon_core.shell:Creating environment descriptor '/home/heated_2204/nonlin_ctrl_lab/setpoint_controllers/install/mrotor_controller/share/mrotor_controller/hook/cmake_prefix_path.dsv'
[6.263s] INFO:colcon.colcon_core.shell:Creating environment hook '/home/heated_2204/nonlin_ctrl_lab/setpoint_controllers/install/mrotor_controller/share/mrotor_controller/hook/cmake_prefix_path.sh'
[6.264s] Level 1:colcon.colcon_core.environment:checking '/home/heated_2204/nonlin_ctrl_lab/setpoint_controllers/install/mrotor_controller/lib'
[6.264s] Level 1:colcon.colcon_core.environment:checking '/home/heated_2204/nonlin_ctrl_lab/setpoint_controllers/install/mrotor_controller/bin'
[6.264s] Level 1:colcon.colcon_core.environment:checking '/home/heated_2204/nonlin_ctrl_lab/setpoint_controllers/install/mrotor_controller/lib/pkgconfig/mrotor_controller.pc'
[6.264s] Level 1:colcon.colcon_core.environment:checking '/home/heated_2204/nonlin_ctrl_lab/setpoint_controllers/install/mrotor_controller/lib/python3.10/site-packages'
[6.265s] Level 1:colcon.colcon_core.environment:checking '/home/heated_2204/nonlin_ctrl_lab/setpoint_controllers/install/mrotor_controller/bin'
[6.265s] INFO:colcon.colcon_core.shell:Creating package script '/home/heated_2204/nonlin_ctrl_lab/setpoint_controllers/install/mrotor_controller/share/mrotor_controller/package.ps1'
[6.265s] INFO:colcon.colcon_core.shell:Creating package descriptor '/home/heated_2204/nonlin_ctrl_lab/setpoint_controllers/install/mrotor_controller/share/mrotor_controller/package.dsv'
[6.266s] INFO:colcon.colcon_core.shell:Creating package script '/home/heated_2204/nonlin_ctrl_lab/setpoint_controllers/install/mrotor_controller/share/mrotor_controller/package.sh'
[6.266s] INFO:colcon.colcon_core.shell:Creating package script '/home/heated_2204/nonlin_ctrl_lab/setpoint_controllers/install/mrotor_controller/share/mrotor_controller/package.bash'
[6.267s] INFO:colcon.colcon_core.shell:Creating package script '/home/heated_2204/nonlin_ctrl_lab/setpoint_controllers/install/mrotor_controller/share/mrotor_controller/package.zsh'
[6.267s] Level 1:colcon.colcon_core.environment:create_file_with_runtime_dependencies(/home/heated_2204/nonlin_ctrl_lab/setpoint_controllers/install/mrotor_controller/share/colcon-core/packages/mrotor_controller)
[6.268s] DEBUG:colcon.colcon_parallel_executor.executor.parallel:closing loop
[6.268s] DEBUG:colcon.colcon_parallel_executor.executor.parallel:loop closed
[6.268s] DEBUG:colcon.colcon_parallel_executor.executor.parallel:run_until_complete finished with '0'
[6.269s] DEBUG:colcon.colcon_core.event_reactor:joining thread
[6.330s] INFO:colcon.colcon_core.plugin_system:Skipping extension 'colcon_notification.desktop_notification.notify_send': Could not find 'notify-send'
[6.330s] INFO:colcon.colcon_core.plugin_system:Skipping extension 'colcon_notification.desktop_notification.terminal_notifier': Not used on non-Darwin systems
[6.331s] INFO:colcon.colcon_core.plugin_system:Skipping extension 'colcon_notification.desktop_notification.win32': Not used on non-Windows systems
[6.331s] INFO:colcon.colcon_notification.desktop_notification:Sending desktop notification using 'notify2'
[6.332s] DEBUG:colcon.colcon_notification.desktop_notification.notify2:Failed to initialize notify2: org.freedesktop.DBus.Error.ServiceUnknown: The name org.freedesktop.Notifications was not provided by any .service files
[6.332s] DEBUG:colcon.colcon_core.event_reactor:joined thread
[6.332s] INFO:colcon.colcon_core.shell:Creating prefix script '/home/heated_2204/nonlin_ctrl_lab/setpoint_controllers/install/local_setup.ps1'
[6.333s] INFO:colcon.colcon_core.shell:Creating prefix util module '/home/heated_2204/nonlin_ctrl_lab/setpoint_controllers/install/_local_setup_util_ps1.py'
[6.335s] INFO:colcon.colcon_core.shell:Creating prefix chain script '/home/heated_2204/nonlin_ctrl_lab/setpoint_controllers/install/setup.ps1'
[6.336s] INFO:colcon.colcon_core.shell:Creating prefix script '/home/heated_2204/nonlin_ctrl_lab/setpoint_controllers/install/local_setup.sh'
[6.336s] INFO:colcon.colcon_core.shell:Creating prefix util module '/home/heated_2204/nonlin_ctrl_lab/setpoint_controllers/install/_local_setup_util_sh.py'
[6.337s] INFO:colcon.colcon_core.shell:Creating prefix chain script '/home/heated_2204/nonlin_ctrl_lab/setpoint_controllers/install/setup.sh'
[6.338s] INFO:colcon.colcon_core.shell:Creating prefix script '/home/heated_2204/nonlin_ctrl_lab/setpoint_controllers/install/local_setup.bash'
[6.339s] INFO:colcon.colcon_core.shell:Creating prefix chain script '/home/heated_2204/nonlin_ctrl_lab/setpoint_controllers/install/setup.bash'
[6.340s] INFO:colcon.colcon_core.shell:Creating prefix script '/home/heated_2204/nonlin_ctrl_lab/setpoint_controllers/install/local_setup.zsh'
[6.340s] INFO:colcon.colcon_core.shell:Creating prefix chain script '/home/heated_2204/nonlin_ctrl_lab/setpoint_controllers/install/setup.zsh'
